Archive member included to satisfy reference by file (symbol)

/home/cpeng/gcc-arm-none-eabi/bin/../lib/gcc/arm-none-eabi/8.3.1/../../../../arm-none-eabi/lib/thumb/v7-m/nofp/libc.a(lib_a-exit.o)
                              /home/cpeng/gcc-arm-none-eabi/bin/../lib/gcc/arm-none-eabi/8.3.1/../../../../arm-none-eabi/lib/thumb/v7-m/nofp/crt0.o (exit)
/home/cpeng/gcc-arm-none-eabi/bin/../lib/gcc/arm-none-eabi/8.3.1/../../../../arm-none-eabi/lib/thumb/v7-m/nofp/libc.a(lib_a-impure.o)
                              /home/cpeng/gcc-arm-none-eabi/bin/../lib/gcc/arm-none-eabi/8.3.1/../../../../arm-none-eabi/lib/thumb/v7-m/nofp/libc.a(lib_a-exit.o) (_global_impure_ptr)
/home/cpeng/gcc-arm-none-eabi/bin/../lib/gcc/arm-none-eabi/8.3.1/../../../../arm-none-eabi/lib/thumb/v7-m/nofp/libc.a(lib_a-init.o)
                              /home/cpeng/gcc-arm-none-eabi/bin/../lib/gcc/arm-none-eabi/8.3.1/../../../../arm-none-eabi/lib/thumb/v7-m/nofp/crt0.o (__libc_init_array)
/home/cpeng/gcc-arm-none-eabi/bin/../lib/gcc/arm-none-eabi/8.3.1/../../../../arm-none-eabi/lib/thumb/v7-m/nofp/libc.a(lib_a-memset.o)
                              /home/cpeng/gcc-arm-none-eabi/bin/../lib/gcc/arm-none-eabi/8.3.1/../../../../arm-none-eabi/lib/thumb/v7-m/nofp/crt0.o (memset)
/home/cpeng/gcc-arm-none-eabi/bin/../lib/gcc/arm-none-eabi/8.3.1/../../../../arm-none-eabi/lib/thumb/v7-m/nofp/libc.a(lib_a-printf.o)
                              user/main.o (printf)
/home/cpeng/gcc-arm-none-eabi/bin/../lib/gcc/arm-none-eabi/8.3.1/../../../../arm-none-eabi/lib/thumb/v7-m/nofp/libc.a(lib_a-vfprintf.o)
                              /home/cpeng/gcc-arm-none-eabi/bin/../lib/gcc/arm-none-eabi/8.3.1/../../../../arm-none-eabi/lib/thumb/v7-m/nofp/libc.a(lib_a-printf.o) (_vfprintf_r)
/home/cpeng/gcc-arm-none-eabi/bin/../lib/gcc/arm-none-eabi/8.3.1/../../../../arm-none-eabi/lib/thumb/v7-m/nofp/libc.a(lib_a-wsetup.o)
                              /home/cpeng/gcc-arm-none-eabi/bin/../lib/gcc/arm-none-eabi/8.3.1/../../../../arm-none-eabi/lib/thumb/v7-m/nofp/libc.a(lib_a-vfprintf.o) (__swsetup_r)
/home/cpeng/gcc-arm-none-eabi/bin/../lib/gcc/arm-none-eabi/8.3.1/../../../../arm-none-eabi/lib/thumb/v7-m/nofp/libc.a(lib_a-__call_atexit.o)
                              /home/cpeng/gcc-arm-none-eabi/bin/../lib/gcc/arm-none-eabi/8.3.1/../../../../arm-none-eabi/lib/thumb/v7-m/nofp/libc.a(lib_a-exit.o) (__call_exitprocs)
/home/cpeng/gcc-arm-none-eabi/bin/../lib/gcc/arm-none-eabi/8.3.1/../../../../arm-none-eabi/lib/thumb/v7-m/nofp/libc.a(lib_a-atexit.o)
                              /home/cpeng/gcc-arm-none-eabi/bin/../lib/gcc/arm-none-eabi/8.3.1/../../../../arm-none-eabi/lib/thumb/v7-m/nofp/libc.a(lib_a-__call_atexit.o) (atexit)
/home/cpeng/gcc-arm-none-eabi/bin/../lib/gcc/arm-none-eabi/8.3.1/../../../../arm-none-eabi/lib/thumb/v7-m/nofp/libc.a(lib_a-dtoa.o)
                              /home/cpeng/gcc-arm-none-eabi/bin/../lib/gcc/arm-none-eabi/8.3.1/../../../../arm-none-eabi/lib/thumb/v7-m/nofp/libc.a(lib_a-vfprintf.o) (_dtoa_r)
/home/cpeng/gcc-arm-none-eabi/bin/../lib/gcc/arm-none-eabi/8.3.1/../../../../arm-none-eabi/lib/thumb/v7-m/nofp/libc.a(lib_a-fflush.o)
                              /home/cpeng/gcc-arm-none-eabi/bin/../lib/gcc/arm-none-eabi/8.3.1/../../../../arm-none-eabi/lib/thumb/v7-m/nofp/libc.a(lib_a-vfprintf.o) (_fflush_r)
/home/cpeng/gcc-arm-none-eabi/bin/../lib/gcc/arm-none-eabi/8.3.1/../../../../arm-none-eabi/lib/thumb/v7-m/nofp/libc.a(lib_a-findfp.o)
                              /home/cpeng/gcc-arm-none-eabi/bin/../lib/gcc/arm-none-eabi/8.3.1/../../../../arm-none-eabi/lib/thumb/v7-m/nofp/libc.a(lib_a-vfprintf.o) (__sinit)
/home/cpeng/gcc-arm-none-eabi/bin/../lib/gcc/arm-none-eabi/8.3.1/../../../../arm-none-eabi/lib/thumb/v7-m/nofp/libc.a(lib_a-fini.o)
                              /home/cpeng/gcc-arm-none-eabi/bin/../lib/gcc/arm-none-eabi/8.3.1/../../../../arm-none-eabi/lib/thumb/v7-m/nofp/libc.a(lib_a-__call_atexit.o) (__libc_fini_array)
/home/cpeng/gcc-arm-none-eabi/bin/../lib/gcc/arm-none-eabi/8.3.1/../../../../arm-none-eabi/lib/thumb/v7-m/nofp/libc.a(lib_a-freer.o)
                              /home/cpeng/gcc-arm-none-eabi/bin/../lib/gcc/arm-none-eabi/8.3.1/../../../../arm-none-eabi/lib/thumb/v7-m/nofp/libc.a(lib_a-vfprintf.o) (_free_r)
/home/cpeng/gcc-arm-none-eabi/bin/../lib/gcc/arm-none-eabi/8.3.1/../../../../arm-none-eabi/lib/thumb/v7-m/nofp/libc.a(lib_a-fwalk.o)
                              /home/cpeng/gcc-arm-none-eabi/bin/../lib/gcc/arm-none-eabi/8.3.1/../../../../arm-none-eabi/lib/thumb/v7-m/nofp/libc.a(lib_a-findfp.o) (_fwalk)
/home/cpeng/gcc-arm-none-eabi/bin/../lib/gcc/arm-none-eabi/8.3.1/../../../../arm-none-eabi/lib/thumb/v7-m/nofp/libc.a(lib_a-localeconv.o)
                              /home/cpeng/gcc-arm-none-eabi/bin/../lib/gcc/arm-none-eabi/8.3.1/../../../../arm-none-eabi/lib/thumb/v7-m/nofp/libc.a(lib_a-vfprintf.o) (_localeconv_r)
[...]
Memory Configuration

Name             Origin             Length             Attributes
FLASH            0x0000000008000000 0x0000000000080000 xr
RAM              0x0000000020000000 0x0000000000010000 xrw
MEMORY_B1        0x0000000060000000 0x0000000000000000 xr
*default*        0x0000000000000000 0xffffffffffffffff

Linker script and memory map

LOAD /home/cpeng/gcc-arm-none-eabi/bin/../lib/gcc/arm-none-eabi/8.3.1/thumb/v7-m/nofp/crti.o
LOAD /home/cpeng/gcc-arm-none-eabi/bin/../lib/gcc/arm-none-eabi/8.3.1/thumb/v7-m/nofp/crtbegin.o
LOAD /home/cpeng/gcc-arm-none-eabi/bin/../lib/gcc/arm-none-eabi/8.3.1/../../../../arm-none-eabi/lib/thumb/v7-m/nofp/crt0.o
LOAD startup/startup_stm32f10x_hd.o
LOAD cmsis/system_stm32f10x.o
LOAD user/stm32f10x_it.o
LOAD user/main.o
LOAD system/delay/delay.o
LOAD system/sys/sys.o
LOAD system/usart/usart.o
LOAD libraries/src/stm32f10x_usart.o
LOAD libraries/src/stm32f10x_spi.o
LOAD libraries/src/stm32f10x_gpio.o
LOAD libraries/src/stm32f10x_rcc.o
LOAD libraries/src/misc.o
LOAD hardware/SPI/spi.o
LOAD hardware/LED/led.o
LOAD hardware/W25Q128/w25q128.o
LOAD hardware/KEY/key.o
                0x0000000000000080                malloc_getpagesize_P = 0x80
START GROUP
LOAD /home/cpeng/gcc-arm-none-eabi/bin/../lib/gcc/arm-none-eabi/8.3.1/../../../../arm-none-eabi/lib/thumb/v7-m/nofp/libc.a
LOAD /home/cpeng/gcc-arm-none-eabi/bin/../lib/gcc/arm-none-eabi/8.3.1/../../../../arm-none-eabi/lib/thumb/v7-m/nofp/libm.a
END GROUP
START GROUP
LOAD /home/cpeng/gcc-arm-none-eabi/bin/../lib/gcc/arm-none-eabi/8.3.1/thumb/v7-m/nofp/libgcc.a
LOAD /home/cpeng/gcc-arm-none-eabi/bin/../lib/gcc/arm-none-eabi/8.3.1/../../../../arm-none-eabi/lib/thumb/v7-m/nofp/libg.a
LOAD /home/cpeng/gcc-arm-none-eabi/bin/../lib/gcc/arm-none-eabi/8.3.1/../../../../arm-none-eabi/lib/thumb/v7-m/nofp/libc.a
END GROUP
START GROUP
LOAD /home/cpeng/gcc-arm-none-eabi/bin/../lib/gcc/arm-none-eabi/8.3.1/thumb/v7-m/nofp/libgcc.a
LOAD /home/cpeng/gcc-arm-none-eabi/bin/../lib/gcc/arm-none-eabi/8.3.1/../../../../arm-none-eabi/lib/thumb/v7-m/nofp/libc.a
LOAD /home/cpeng/gcc-arm-none-eabi/bin/../lib/gcc/arm-none-eabi/8.3.1/../../../../arm-none-eabi/lib/thumb/v7-m/nofp/libnosys.a
END GROUP
LOAD /home/cpeng/gcc-arm-none-eabi/bin/../lib/gcc/arm-none-eabi/8.3.1/thumb/v7-m/nofp/crtend.o
LOAD /home/cpeng/gcc-arm-none-eabi/bin/../lib/gcc/arm-none-eabi/8.3.1/thumb/v7-m/nofp/crtn.o
                0x0000000020010000                _estack = 0x20010000
                0x0000000000000000                _Min_Heap_Size = 0x0
                0x0000000000000200                _Min_Stack_Size = 0x200

.isr_vector     0x0000000008000000      0x1e4
                0x0000000008000000                . = ALIGN (0x4)
 *(.isr_vector)
 .isr_vector    0x0000000008000000      0x1e4 startup/startup_stm32f10x_hd.o
                0x0000000008000000                g_pfnVectors
                0x00000000080001e4                . = ALIGN (0x4)

.eh_frame       0x00000000080001e4        0x0
 .eh_frame      0x00000000080001e4        0x0 /home/cpeng/gcc-arm-none-eabi/bin/../lib/gcc/arm-none-eabi/8.3.1/thumb/v7-m/nofp/crtbegin.o

.text           0x00000000080001e8     0x8950
                0x00000000080001e8                . = ALIGN (0x4)
 *(.text)
 .text          0x00000000080001e8       0x40 /home/cpeng/gcc-arm-none-eabi/bin/../lib/gcc/arm-none-eabi/8.3.1/thumb/v7-m/nofp/crtbegin.o
 .text          0x0000000008000228      0x250 cmsis/system_stm32f10x.o
                0x0000000008000228                SystemInit
                0x0000000008000290                SystemCoreClockUpdate
 .text          0x0000000008000478       0x54 user/stm32f10x_it.o
                0x0000000008000478                NMI_Handler
                0x0000000008000484                HardFault_Handler
                0x000000000800048a                MemManage_Handler
                0x0000000008000490                BusFault_Handler
                0x0000000008000496                UsageFault_Handler
                0x000000000800049c                SVC_Handler
                0x00000000080004a8                DebugMon_Handler
                0x00000000080004b4                PendSV_Handler
                0x00000000080004c0                SysTick_Handler
 .text          0x00000000080004cc       0xa0 user/main.o
                0x00000000080004cc                main
 .text          0x000000000800056c      0x120 system/delay/delay.o
                0x000000000800056c                delay_init
                0x00000000080005b8                delay_us
                0x0000000008000620                delay_ms
 .text          0x000000000800068c      0x124 system/usart/usart.o
                0x000000000800068c                uart_init
                0x000000000800070c                _write
                0x000000000800075c                _read
 .text          0x00000000080007b0      0x8dc libraries/src/stm32f10x_usart.o
                0x00000000080007b0                USART_DeInit
                0x0000000008000868                USART_Init
                0x00000000080009dc                USART_StructInit
                0x0000000008000a14                USART_ClockInit
                0x0000000008000a6a                USART_ClockStructInit
                0x0000000008000a94                USART_Cmd
                0x0000000008000ad2                USART_ITConfig
                0x0000000008000b60                USART_DMACmd
                0x0000000008000ba6                USART_SetAddress
                0x0000000008000bde                USART_WakeUpConfig
                0x0000000008000c14                USART_ReceiverWakeUpCmd
                0x0000000008000c52                USART_LINBreakDetectLengthConfig
                0x0000000008000c88                USART_LINCmd
                0x0000000008000cc6                USART_SendData
                0x0000000008000ce8                USART_ReceiveData
                0x0000000008000d06                USART_SendBreak
                0x0000000008000d28                USART_SetGuardTime
                0x0000000008000d62                USART_SetPrescaler
                0x0000000008000d9a                USART_SmartCardCmd
                0x0000000008000dd8                USART_SmartCardNACKCmd
                0x0000000008000e16                USART_HalfDuplexCmd
                0x0000000008000e54                USART_OverSampling8Cmd
                0x0000000008000e96                USART_OneBitMethodCmd
                0x0000000008000ed4                USART_IrDAConfig
                0x0000000008000f0a                USART_IrDACmd
                0x0000000008000f48                USART_GetFlagStatus
                0x0000000008000f7e                USART_ClearFlag
                0x0000000008000f9e                USART_GetITStatus
                0x0000000008001052                USART_ClearITPendingBit
 .text          0x000000000800108c      0x6d0 libraries/src/stm32f10x_spi.o
                0x000000000800108c                SPI_I2S_DeInit
                0x0000000008001100                SPI_Init
                0x0000000008001186                I2S_Init
                0x00000000080012ec                SPI_StructInit
                0x0000000008001334                I2S_StructInit
                0x000000000800136a                SPI_Cmd
                0x00000000080013a8                I2S_Cmd
                0x00000000080013e6                SPI_I2S_ITConfig
                0x0000000008001446                SPI_I2S_DMACmd
                0x000000000800148c                SPI_I2S_SendData
                0x00000000080014a8                SPI_I2S_ReceiveData
                0x00000000080014c0                SPI_NSSInternalSoftwareConfig
                0x0000000008001502                SPI_SSOutputCmd
                0x0000000008001540                SPI_DataSizeConfig
                0x0000000008001576                SPI_TransmitCRC
                0x0000000008001598                SPI_CalculateCRC
                0x00000000080015d6                SPI_GetCRC
                0x0000000008001606                SPI_GetCRCPolynomial
                0x000000000800161e                SPI_BiDirectionalLineConfig
                0x000000000800165e                SPI_I2S_GetFlagStatus
                0x0000000008001694                SPI_I2S_ClearFlag
                0x00000000080016b4                SPI_I2S_GetITStatus
                0x0000000008001728                SPI_I2S_ClearITPendingBit
 .text          0x000000000800175c      0x5d8 libraries/src/stm32f10x_gpio.o
                0x000000000800175c                GPIO_DeInit
                0x0000000008001840                GPIO_AFIODeInit
                0x0000000008001858                GPIO_Init
                0x00000000080019d0                GPIO_StructInit
                0x00000000080019f6                GPIO_ReadInputDataBit
                0x0000000008001a28                GPIO_ReadInputData
                0x0000000008001a40                GPIO_ReadOutputDataBit
                0x0000000008001a72                GPIO_ReadOutputData
                0x0000000008001a8a                GPIO_SetBits
                0x0000000008001aa6                GPIO_ResetBits
                0x0000000008001ac2                GPIO_WriteBit
                0x0000000008001af0                GPIO_Write
                0x0000000008001b0c                GPIO_PinLockConfig
                0x0000000008001b4e                GPIO_EventOutputConfig
                0x0000000008001b98                GPIO_EventOutputCmd
                0x0000000008001bb8                GPIO_PinRemapConfig
                0x0000000008001c98                GPIO_EXTILineConfig
                0x0000000008001d18                GPIO_ETH_MediaInterfaceConfig
 .text          0x0000000008001d34      0x7d4 libraries/src/stm32f10x_rcc.o
                0x0000000008001d34                RCC_DeInit
                0x0000000008001d90                RCC_HSEConfig
                0x0000000008001dec                RCC_WaitForHSEStartUp
                0x0000000008001e3c                RCC_AdjustHSICalibrationValue
                0x0000000008001e78                RCC_HSICmd
                0x0000000008001e98                RCC_PLLConfig
                0x0000000008001ed4                RCC_PLLCmd
                0x0000000008001ef4                RCC_SYSCLKConfig
                0x0000000008001f2c                RCC_GetSYSCLKSource
                0x0000000008001f48                RCC_HCLKConfig
                0x0000000008001f80                RCC_PCLK1Config
                0x0000000008001fb8                RCC_PCLK2Config
                0x0000000008001ff0                RCC_ITConfig
                0x000000000800203c                RCC_USBCLKConfig
                0x0000000008002058                RCC_ADCCLKConfig
                0x0000000008002090                RCC_LSEConfig
                0x00000000080020d0                RCC_LSICmd
                0x00000000080020f0                RCC_RTCCLKConfig
                0x0000000008002114                RCC_RTCCLKCmd
                0x0000000008002134                RCC_GetClocksFreq
                0x0000000008002298                RCC_AHBPeriphClockCmd
                0x00000000080022d4                RCC_APB2PeriphClockCmd
                0x0000000008002310                RCC_APB1PeriphClockCmd
                0x000000000800234c                RCC_APB2PeriphResetCmd
                0x0000000008002388                RCC_APB1PeriphResetCmd
                0x00000000080023c4                RCC_BackupResetCmd
                0x00000000080023e4                RCC_ClockSecuritySystemCmd
                0x0000000008002404                RCC_MCOConfig
                0x0000000008002424                RCC_GetFlagStatus
                0x0000000008002498                RCC_ClearFlag
                0x00000000080024b4                RCC_GetITStatus
                0x00000000080024e8                RCC_ClearITPendingBit
 .text          0x0000000008002508      0x18c libraries/src/misc.o
                0x0000000008002508                NVIC_PriorityGroupConfig
                0x000000000800252c                NVIC_Init
                0x00000000080025f0                NVIC_SetVectorTable
                0x000000000800261c                NVIC_SystemLPConfig
                0x000000000800265c                SysTick_CLKSourceConfig
 .text          0x0000000008002694      0x134 hardware/SPI/spi.o
                0x0000000008002694                SPI2_Init
                0x0000000008002738                SPI_SetBaudRate
                0x000000000800277c                SPI_ReadWriteByte
 .text          0x00000000080027c8       0x54 hardware/LED/led.o
                0x00000000080027c8                LED_Init
 .text          0x000000000800281c      0x43c hardware/W25Q128/w25q128.o
                0x000000000800281c                W25Q128_Init
                0x0000000008002870                W25Q128_ReadID
                0x00000000080028d4                W25Q128_ReadSR
                0x0000000008002908                W25Q128_WriteSR
                0x0000000008002940                W25Q128_WriteEnable
                0x0000000008002960                W25Q128_WriteDisable
                0x0000000008002980                W25Q128_WaitBusy
                0x0000000008002998                W25Q128_ReadFlash
                0x0000000008002a0c                W25Q128_WritePage_SPI
                0x0000000008002a84                W25Q128_WritePage
                0x0000000008002af8                W25Q128_EraseSector
                0x0000000008002b4c                W25Q128_WriteFlash
 .text          0x0000000008002c58       0xec /home/cpeng/gcc-arm-none-eabi/bin/../lib/gcc/arm-none-eabi/8.3.1/../../../../arm-none-eabi/lib/thumb/v7-m/nofp/libc.a(lib_a-memcpy.o)
                0x0000000008002c58                memcpy
 .text          0x0000000008002d44      0x378 /home/cpeng/gcc-arm-none-eabi/bin/../lib/gcc/arm-none-eabi/8.3.1/thumb/v7-m/nofp/libgcc.a(_arm_addsubdf3.o)
                0x0000000008002d44                __aeabi_drsub
                0x0000000008002d4c                __aeabi_dsub
                0x0000000008002d4c                __subdf3
                0x0000000008002d50                __adddf3
                0x0000000008002d50                __aeabi_dadd
                0x0000000008002fc8                __aeabi_ui2d
                0x0000000008002fc8                __floatunsidf
                0x0000000008002fe8                __floatsidf
                0x0000000008002fe8                __aeabi_i2d
                0x000000000800300c                __extendsfdf2
                0x000000000800300c                __aeabi_f2d
                0x0000000008003050                __aeabi_ul2d
                0x0000000008003050                __floatundidf
                0x0000000008003060                __floatdidf
                0x0000000008003060                __aeabi_l2d
 .text          0x00000000080030bc      0x424 /home/cpeng/gcc-arm-none-eabi/bin/../lib/gcc/arm-none-eabi/8.3.1/thumb/v7-m/nofp/libgcc.a(_arm_muldivdf3.o)
                0x00000000080030bc                __aeabi_dmul
                0x00000000080030bc                __muldf3
                0x0000000008003310                __aeabi_ddiv
                0x0000000008003310                __divdf3
 .text          0x00000000080034e0      0x110 /home/cpeng/gcc-arm-none-eabi/bin/../lib/gcc/arm-none-eabi/8.3.1/thumb/v7-m/nofp/libgcc.a(_arm_cmpdf2.o)
                0x00000000080034e0                __gtdf2
                0x00000000080034e0                __gedf2
                0x00000000080034e8                __ltdf2
                0x00000000080034e8                __ledf2
                0x00000000080034f0                __cmpdf2
                0x00000000080034f0                __eqdf2
                0x00000000080034f0                __nedf2
                0x000000000800356c                __aeabi_cdrcmple
                0x000000000800357c                __aeabi_cdcmple
                0x000000000800357c                __aeabi_cdcmpeq
                0x000000000800358c                __aeabi_dcmpeq
                0x00000000080035a0                __aeabi_dcmplt
                0x00000000080035b4                __aeabi_dcmple
                0x00000000080035c8                __aeabi_dcmpge
                0x00000000080035dc                __aeabi_dcmpgt
 .text          0x00000000080035f0       0x2c /home/cpeng/gcc-arm-none-eabi/bin/../lib/gcc/arm-none-eabi/8.3.1/thumb/v7-m/nofp/libgcc.a(_arm_unorddf2.o)
                0x00000000080035f0                __aeabi_dcmpun
                0x00000000080035f0                __unorddf2
 .text          0x000000000800361c       0x50 /home/cpeng/gcc-arm-none-eabi/bin/../lib/gcc/arm-none-eabi/8.3.1/thumb/v7-m/nofp/libgcc.a(_arm_fixdfsi.o)
                0x000000000800361c                __fixdfsi
                0x000000000800361c                __aeabi_d2iz
 .text          0x000000000800366c       0x30 /home/cpeng/gcc-arm-none-eabi/bin/../lib/gcc/arm-none-eabi/8.3.1/thumb/v7-m/nofp/libgcc.a(_aeabi_uldivmod.o)
                0x000000000800366c                __aeabi_uldivmod
 .text          0x000000000800369c      0x2d0 /home/cpeng/gcc-arm-none-eabi/bin/../lib/gcc/arm-none-eabi/8.3.1/thumb/v7-m/nofp/libgcc.a(_udivmoddi4.o)
                0x000000000800369c                __udivmoddi4
 .text          0x000000000800396c        0x4 /home/cpeng/gcc-arm-none-eabi/bin/../lib/gcc/arm-none-eabi/8.3.1/thumb/v7-m/nofp/libgcc.a(_dvmd_tls.o)
                0x000000000800396c                __aeabi_ldiv0
                0x000000000800396c                __aeabi_idiv0
 *(.text*)
 .text.Reset_Handler
                0x0000000008003970       0x48 startup/startup_stm32f10x_hd.o
                0x0000000008003970                Reset_Handler
 .text.Default_Handler
                0x00000000080039b8        0x2 startup/startup_stm32f10x_hd.o
                0x00000000080039b8                EXTI2_IRQHandler
                0x00000000080039b8                TIM8_TRG_COM_IRQHandler
                0x00000000080039b8                TIM8_CC_IRQHandler
                0x00000000080039b8                TIM1_CC_IRQHandler
                0x00000000080039b8                TIM6_IRQHandler
                0x00000000080039b8                PVD_IRQHandler
                0x00000000080039b8                SDIO_IRQHandler
                0x00000000080039b8                EXTI3_IRQHandler
                0x00000000080039b8                EXTI0_IRQHandler
                0x00000000080039b8                I2C2_EV_IRQHandler
                0x00000000080039b8                ADC1_2_IRQHandler
                0x00000000080039b8                SPI1_IRQHandler
                0x00000000080039b8                TAMPER_IRQHandler
                0x00000000080039b8                TIM8_UP_IRQHandler
                0x00000000080039b8                DMA2_Channel2_IRQHandler
                0x00000000080039b8                DMA1_Channel4_IRQHandler
                0x00000000080039b8                USART3_IRQHandler
                0x00000000080039b8                RTC_IRQHandler
                0x00000000080039b8                DMA1_Channel7_IRQHandler
                0x00000000080039b8                CAN1_RX1_IRQHandler
                0x00000000080039b8                UART5_IRQHandler
                0x00000000080039b8                ADC3_IRQHandler
                0x00000000080039b8                TIM4_IRQHandler
                0x00000000080039b8                DMA2_Channel1_IRQHandler
                0x00000000080039b8                I2C1_EV_IRQHandler
                0x00000000080039b8                DMA1_Channel6_IRQHandler
                0x00000000080039b8                UART4_IRQHandler
                0x00000000080039b8                TIM3_IRQHandler
                0x00000000080039b8                RCC_IRQHandler
                0x00000000080039b8                TIM1_TRG_COM_IRQHandler
                0x00000000080039b8                DMA1_Channel1_IRQHandler
                0x00000000080039b8                Default_Handler
                0x00000000080039b8                EXTI15_10_IRQHandler
                0x00000000080039b8                TIM7_IRQHandler
                0x00000000080039b8                TIM5_IRQHandler
                0x00000000080039b8                EXTI9_5_IRQHandler
                0x00000000080039b8                SPI2_IRQHandler
                0x00000000080039b8                DMA1_Channel5_IRQHandler
                0x00000000080039b8                EXTI4_IRQHandler
                0x00000000080039b8                USB_LP_CAN1_RX0_IRQHandler
                0x00000000080039b8                USB_HP_CAN1_TX_IRQHandler
                0x00000000080039b8                DMA1_Channel3_IRQHandler
                0x00000000080039b8                FSMC_IRQHandler
                0x00000000080039b8                TIM1_UP_IRQHandler
                0x00000000080039b8                WWDG_IRQHandler
                0x00000000080039b8                TIM2_IRQHandler
                0x00000000080039b8                TIM1_BRK_IRQHandler
                0x00000000080039b8                EXTI1_IRQHandler
                0x00000000080039b8                RTCAlarm_IRQHandler
                0x00000000080039b8                DMA2_Channel4_5_IRQHandler
                0x00000000080039b8                USART2_IRQHandler
                0x00000000080039b8                I2C2_ER_IRQHandler
                0x00000000080039b8                DMA1_Channel2_IRQHandler
                0x00000000080039b8                TIM8_BRK_IRQHandler
                0x00000000080039b8                CAN1_SCE_IRQHandler
                0x00000000080039b8                FLASH_IRQHandler
                0x00000000080039b8                USART1_IRQHandler
                0x00000000080039b8                SPI3_IRQHandler
                0x00000000080039b8                I2C1_ER_IRQHandler
                0x00000000080039b8                USBWakeUp_IRQHandler
                0x00000000080039b8                DMA2_Channel3_IRQHandler
 *fill*         0x00000000080039ba        0x2 
 .text.__libc_init_array
                0x00000000080039bc       0x48 /home/cpeng/gcc-arm-none-eabi/bin/../lib/gcc/arm-none-eabi/8.3.1/../../../../arm-none-eabi/lib/thumb/v7-m/nofp/libc.a(lib_a-init.o)
                0x00000000080039bc                __libc_init_array
 .text.memset   0x0000000008003a04       0xa0 /home/cpeng/gcc-arm-none-eabi/bin/../lib/gcc/arm-none-eabi/8.3.1/../../../../arm-none-eabi/lib/thumb/v7-m/nofp/libc.a(lib_a-memset.o)
                0x0000000008003a04                memset
 .text.printf   0x0000000008003aa4       0x28 /home/cpeng/gcc-arm-none-eabi/bin/../lib/gcc/arm-none-eabi/8.3.1/../../../../arm-none-eabi/lib/thumb/v7-m/nofp/libc.a(lib_a-printf.o)
                0x0000000008003aa4                printf
 .text._vfprintf_r
                0x0000000008003acc     0x1b04 /home/cpeng/gcc-arm-none-eabi/bin/../lib/gcc/arm-none-eabi/8.3.1/../../../../arm-none-eabi/lib/thumb/v7-m/nofp/libc.a(lib_a-vfprintf.o)
                0x0000000008003acc                _vfprintf_r
 .text.__sbprintf
                0x00000000080055d0       0x88 /home/cpeng/gcc-arm-none-eabi/bin/../lib/gcc/arm-none-eabi/8.3.1/../../../../arm-none-eabi/lib/thumb/v7-m/nofp/libc.a(lib_a-vfprintf.o)
 .text.__swsetup_r
                0x0000000008005658       0xcc /home/cpeng/gcc-arm-none-eabi/bin/../lib/gcc/arm-none-eabi/8.3.1/../../../../arm-none-eabi/lib/thumb/v7-m/nofp/libc.a(lib_a-wsetup.o)
                0x0000000008005658                __swsetup_r
 .text.startup.register_fini
                0x0000000008005724       0x14 /home/cpeng/gcc-arm-none-eabi/bin/../lib/gcc/arm-none-eabi/8.3.1/../../../../arm-none-eabi/lib/thumb/v7-m/nofp/libc.a(lib_a-__call_atexit.o)
 .text.atexit   0x0000000008005738        0xc /home/cpeng/gcc-arm-none-eabi/bin/../lib/gcc/arm-none-eabi/8.3.1/../../../../arm-none-eabi/lib/thumb/v7-m/nofp/libc.a(lib_a-atexit.o)
                0x0000000008005738                atexit
 .text.quorem   0x0000000008005744      0x12c /home/cpeng/gcc-arm-none-eabi/bin/../lib/gcc/arm-none-eabi/8.3.1/../../../../arm-none-eabi/lib/thumb/v7-m/nofp/libc.a(lib_a-dtoa.o)
 .text._dtoa_r  0x0000000008005870      0xe6c /home/cpeng/gcc-arm-none-eabi/bin/../lib/gcc/arm-none-eabi/8.3.1/../../../../arm-none-eabi/lib/thumb/v7-m/nofp/libc.a(lib_a-dtoa.o)
                0x0000000008005870                _dtoa_r
 .text.__sflush_r
                0x00000000080066dc      0x144 /home/cpeng/gcc-arm-none-eabi/bin/../lib/gcc/arm-none-eabi/8.3.1/../../../../arm-none-eabi/lib/thumb/v7-m/nofp/libc.a(lib_a-fflush.o)
                0x00000000080066dc                __sflush_r
 .text._fflush_r
                0x0000000008006820       0x5c /home/cpeng/gcc-arm-none-eabi/bin/../lib/gcc/arm-none-eabi/8.3.1/../../../../arm-none-eabi/lib/thumb/v7-m/nofp/libc.a(lib_a-fflush.o)
                0x0000000008006820                _fflush_r
 .text.std      0x000000000800687c       0x50 /home/cpeng/gcc-arm-none-eabi/bin/../lib/gcc/arm-none-eabi/8.3.1/../../../../arm-none-eabi/lib/thumb/v7-m/nofp/libc.a(lib_a-findfp.o)
 .text._cleanup_r
                0x00000000080068cc        0xc /home/cpeng/gcc-arm-none-eabi/bin/../lib/gcc/arm-none-eabi/8.3.1/../../../../arm-none-eabi/lib/thumb/v7-m/nofp/libc.a(lib_a-findfp.o)
                0x00000000080068cc                _cleanup_r
 .text.__sinit  0x00000000080068d8       0x5c /home/cpeng/gcc-arm-none-eabi/bin/../lib/gcc/arm-none-eabi/8.3.1/../../../../arm-none-eabi/lib/thumb/v7-m/nofp/libc.a(lib_a-findfp.o)
                0x00000000080068d8                __sinit
 .text.__sfp_lock_acquire
                0x0000000008006934        0xc /home/cpeng/gcc-arm-none-eabi/bin/../lib/gcc/arm-none-eabi/8.3.1/../../../../arm-none-eabi/lib/thumb/v7-m/nofp/libc.a(lib_a-findfp.o)
                0x0000000008006934                __sfp_lock_acquire
 .text.__sfp_lock_release
                0x0000000008006940        0xc /home/cpeng/gcc-arm-none-eabi/bin/../lib/gcc/arm-none-eabi/8.3.1/../../../../arm-none-eabi/lib/thumb/v7-m/nofp/libc.a(lib_a-findfp.o)
                0x0000000008006940                __sfp_lock_release
 .text.__libc_fini_array
                0x000000000800694c       0x34 /home/cpeng/gcc-arm-none-eabi/bin/../lib/gcc/arm-none-eabi/8.3.1/../../../../arm-none-eabi/lib/thumb/v7-m/nofp/libc.a(lib_a-fini.o)
                0x000000000800694c                __libc_fini_array
 .text._malloc_trim_r
                0x0000000008006980       0xa0 /home/cpeng/gcc-arm-none-eabi/bin/../lib/gcc/arm-none-eabi/8.3.1/../../../../arm-none-eabi/lib/thumb/v7-m/nofp/libc.a(lib_a-freer.o)
                0x0000000008006980                _malloc_trim_r
 .text._free_r  0x0000000008006a20      0x1f4 /home/cpeng/gcc-arm-none-eabi/bin/../lib/gcc/arm-none-eabi/8.3.1/../../../../arm-none-eabi/lib/thumb/v7-m/nofp/libc.a(lib_a-freer.o)
                0x0000000008006a20                _free_r
 .text._fwalk_reent
                0x0000000008006c14       0x50 /home/cpeng/gcc-arm-none-eabi/bin/../lib/gcc/arm-none-eabi/8.3.1/../../../../arm-none-eabi/lib/thumb/v7-m/nofp/libc.a(lib_a-fwalk.o)
                0x0000000008006c14                _fwalk_reent
 .text._localeconv_r
                0x0000000008006c64        0x8 /home/cpeng/gcc-arm-none-eabi/bin/../lib/gcc/arm-none-eabi/8.3.1/../../../../arm-none-eabi/lib/thumb/v7-m/nofp/libc.a(lib_a-localeconv.o)
                0x0000000008006c64                _localeconv_r
 .text.__retarget_lock_init_recursive
                0x0000000008006c6c        0x4 /home/cpeng/gcc-arm-none-eabi/bin/../lib/gcc/arm-none-eabi/8.3.1/../../../../arm-none-eabi/lib/thumb/v7-m/nofp/libc.a(lib_a-lock.o)
                0x0000000008006c6c                __retarget_lock_init_recursive
 .text.__retarget_lock_close_recursive
                0x0000000008006c70        0x4 /home/cpeng/gcc-arm-none-eabi/bin/../lib/gcc/arm-none-eabi/8.3.1/../../../../arm-none-eabi/lib/thumb/v7-m/nofp/libc.a(lib_a-lock.o)
                0x0000000008006c70                __retarget_lock_close_recursive
 .text.__retarget_lock_acquire_recursive
                0x0000000008006c74        0x4 /home/cpeng/gcc-arm-none-eabi/bin/../lib/gcc/arm-none-eabi/8.3.1/../../../../arm-none-eabi/lib/thumb/v7-m/nofp/libc.a(lib_a-lock.o)
                0x0000000008006c74                __retarget_lock_acquire_recursive
 .text.__retarget_lock_release_recursive
                0x0000000008006c78        0x4 /home/cpeng/gcc-arm-none-eabi/bin/../lib/gcc/arm-none-eabi/8.3.1/../../../../arm-none-eabi/lib/thumb/v7-m/nofp/libc.a(lib_a-lock.o)
                0x0000000008006c78                __retarget_lock_release_recursive
 .text.__swhatbuf_r
                0x0000000008006c7c       0x5c /home/cpeng/gcc-arm-none-eabi/bin/../lib/gcc/arm-none-eabi/8.3.1/../../../../arm-none-eabi/lib/thumb/v7-m/nofp/libc.a(lib_a-makebuf.o)
                0x0000000008006c7c                __swhatbuf_r
 .text.__smakebuf_r
                0x0000000008006cd8       0x94 /home/cpeng/gcc-arm-none-eabi/bin/../lib/gcc/arm-none-eabi/8.3.1/../../../../arm-none-eabi/lib/thumb/v7-m/nofp/libc.a(lib_a-makebuf.o)
                0x0000000008006cd8                __smakebuf_r
 .text._malloc_r
                0x0000000008006d6c      0x558 /home/cpeng/gcc-arm-none-eabi/bin/../lib/gcc/arm-none-eabi/8.3.1/../../../../arm-none-eabi/lib/thumb/v7-m/nofp/libc.a(lib_a-mallocr.o)
                0x0000000008006d6c                _malloc_r
 .text.memchr   0x00000000080072c4       0x8c /home/cpeng/gcc-arm-none-eabi/bin/../lib/gcc/arm-none-eabi/8.3.1/../../../../arm-none-eabi/lib/thumb/v7-m/nofp/libc.a(lib_a-memchr-stub.o)
                0x00000000080072c4                memchr
 .text.__malloc_lock
                0x0000000008007350        0xc /home/cpeng/gcc-arm-none-eabi/bin/../lib/gcc/arm-none-eabi/8.3.1/../../../../arm-none-eabi/lib/thumb/v7-m/nofp/libc.a(lib_a-mlock.o)
                0x0000000008007350                __malloc_lock
 .text.__malloc_unlock
                0x000000000800735c        0xc /home/cpeng/gcc-arm-none-eabi/bin/../lib/gcc/arm-none-eabi/8.3.1/../../../../arm-none-eabi/lib/thumb/v7-m/nofp/libc.a(lib_a-mlock.o)
                0x000000000800735c                __malloc_unlock
 .text._Balloc  0x0000000008007368       0x4c /home/cpeng/gcc-arm-none-eabi/bin/../lib/gcc/arm-none-eabi/8.3.1/../../../../arm-none-eabi/lib/thumb/v7-m/nofp/libc.a(lib_a-mprec.o)
                0x0000000008007368                _Balloc
 .text._Bfree   0x00000000080073b4       0x14 /home/cpeng/gcc-arm-none-eabi/bin/../lib/gcc/arm-none-eabi/8.3.1/../../../../arm-none-eabi/lib/thumb/v7-m/nofp/libc.a(lib_a-mprec.o)
                0x00000000080073b4                _Bfree
 .text.__multadd
                0x00000000080073c8       0x8c /home/cpeng/gcc-arm-none-eabi/bin/../lib/gcc/arm-none-eabi/8.3.1/../../../../arm-none-eabi/lib/thumb/v7-m/nofp/libc.a(lib_a-mprec.o)
                0x00000000080073c8                __multadd
 .text.__hi0bits
                0x0000000008007454       0x40 /home/cpeng/gcc-arm-none-eabi/bin/../lib/gcc/arm-none-eabi/8.3.1/../../../../arm-none-eabi/lib/thumb/v7-m/nofp/libc.a(lib_a-mprec.o)
                0x0000000008007454                __hi0bits
 .text.__lo0bits
                0x0000000008007494       0x60 /home/cpeng/gcc-arm-none-eabi/bin/../lib/gcc/arm-none-eabi/8.3.1/../../../../arm-none-eabi/lib/thumb/v7-m/nofp/libc.a(lib_a-mprec.o)
                0x0000000008007494                __lo0bits
 .text.__i2b    0x00000000080074f4       0x14 /home/cpeng/gcc-arm-none-eabi/bin/../lib/gcc/arm-none-eabi/8.3.1/../../../../arm-none-eabi/lib/thumb/v7-m/nofp/libc.a(lib_a-mprec.o)
                0x00000000080074f4                __i2b
 .text.__multiply
                0x0000000008007508      0x130 /home/cpeng/gcc-arm-none-eabi/bin/../lib/gcc/arm-none-eabi/8.3.1/../../../../arm-none-eabi/lib/thumb/v7-m/nofp/libc.a(lib_a-mprec.o)
                0x0000000008007508                __multiply
 .text.__pow5mult
                0x0000000008007638       0xa0 /home/cpeng/gcc-arm-none-eabi/bin/../lib/gcc/arm-none-eabi/8.3.1/../../../../arm-none-eabi/lib/thumb/v7-m/nofp/libc.a(lib_a-mprec.o)
                0x0000000008007638                __pow5mult
 .text.__lshift
                0x00000000080076d8       0xb4 /home/cpeng/gcc-arm-none-eabi/bin/../lib/gcc/arm-none-eabi/8.3.1/../../../../arm-none-eabi/lib/thumb/v7-m/nofp/libc.a(lib_a-mprec.o)
                0x00000000080076d8                __lshift
 .text.__mcmp   0x000000000800778c       0x38 /home/cpeng/gcc-arm-none-eabi/bin/../lib/gcc/arm-none-eabi/8.3.1/../../../../arm-none-eabi/lib/thumb/v7-m/nofp/libc.a(lib_a-mprec.o)
                0x000000000800778c                __mcmp
 .text.__mdiff  0x00000000080077c4      0x100 /home/cpeng/gcc-arm-none-eabi/bin/../lib/gcc/arm-none-eabi/8.3.1/../../../../arm-none-eabi/lib/thumb/v7-m/nofp/libc.a(lib_a-mprec.o)
                0x00000000080077c4                __mdiff
 .text.__d2b    0x00000000080078c4       0xac /home/cpeng/gcc-arm-none-eabi/bin/../lib/gcc/arm-none-eabi/8.3.1/../../../../arm-none-eabi/lib/thumb/v7-m/nofp/libc.a(lib_a-mprec.o)
                0x00000000080078c4                __d2b
 .text.frexp    0x0000000008007970       0x70 /home/cpeng/gcc-arm-none-eabi/bin/../lib/gcc/arm-none-eabi/8.3.1/../../../../arm-none-eabi/lib/thumb/v7-m/nofp/libc.a(lib_a-s_frexp.o)
                0x0000000008007970                frexp
 .text._sbrk_r  0x00000000080079e0       0x24 /home/cpeng/gcc-arm-none-eabi/bin/../lib/gcc/arm-none-eabi/8.3.1/../../../../arm-none-eabi/lib/thumb/v7-m/nofp/libc.a(lib_a-sbrkr.o)
                0x00000000080079e0                _sbrk_r
 .text.__sread  0x0000000008007a04       0x24 /home/cpeng/gcc-arm-none-eabi/bin/../lib/gcc/arm-none-eabi/8.3.1/../../../../arm-none-eabi/lib/thumb/v7-m/nofp/libc.a(lib_a-stdio.o)
                0x0000000008007a04                __sread
 .text.__swrite
                0x0000000008007a28       0x40 /home/cpeng/gcc-arm-none-eabi/bin/../lib/gcc/arm-none-eabi/8.3.1/../../../../arm-none-eabi/lib/thumb/v7-m/nofp/libc.a(lib_a-stdio.o)
                0x0000000008007a28                __swrite
 .text.__sseek  0x0000000008007a68       0x20 /home/cpeng/gcc-arm-none-eabi/bin/../lib/gcc/arm-none-eabi/8.3.1/../../../../arm-none-eabi/lib/thumb/v7-m/nofp/libc.a(lib_a-stdio.o)
                0x0000000008007a68                __sseek
 .text.__sclose
                0x0000000008007a88        0x8 /home/cpeng/gcc-arm-none-eabi/bin/../lib/gcc/arm-none-eabi/8.3.1/../../../../arm-none-eabi/lib/thumb/v7-m/nofp/libc.a(lib_a-stdio.o)
                0x0000000008007a88                __sclose
 .text.strlen   0x0000000008007a90       0x5c /home/cpeng/gcc-arm-none-eabi/bin/../lib/gcc/arm-none-eabi/8.3.1/../../../../arm-none-eabi/lib/thumb/v7-m/nofp/libc.a(lib_a-strlen-stub.o)
                0x0000000008007a90                strlen
 .text.strncpy  0x0000000008007aec       0x74 /home/cpeng/gcc-arm-none-eabi/bin/../lib/gcc/arm-none-eabi/8.3.1/../../../../arm-none-eabi/lib/thumb/v7-m/nofp/libc.a(lib_a-strncpy.o)
                0x0000000008007aec                strncpy
 .text.__sprint_r.part.0
                0x0000000008007b60       0x78 /home/cpeng/gcc-arm-none-eabi/bin/../lib/gcc/arm-none-eabi/8.3.1/../../../../arm-none-eabi/lib/thumb/v7-m/nofp/libc.a(lib_a-vfiprintf.o)
 .text.__sprint_r
                0x0000000008007bd8       0x14 /home/cpeng/gcc-arm-none-eabi/bin/../lib/gcc/arm-none-eabi/8.3.1/../../../../arm-none-eabi/lib/thumb/v7-m/nofp/libc.a(lib_a-vfiprintf.o)
                0x0000000008007bd8                __sprint_r
 .text._write_r
                0x0000000008007bec       0x2c /home/cpeng/gcc-arm-none-eabi/bin/../lib/gcc/arm-none-eabi/8.3.1/../../../../arm-none-eabi/lib/thumb/v7-m/nofp/libc.a(lib_a-writer.o)
                0x0000000008007bec                _write_r
 .text.__register_exitproc
                0x0000000008007c18       0x84 /home/cpeng/gcc-arm-none-eabi/bin/../lib/gcc/arm-none-eabi/8.3.1/../../../../arm-none-eabi/lib/thumb/v7-m/nofp/libc.a(lib_a-__atexit.o)
                0x0000000008007c18                __register_exitproc
 .text._calloc_r
                0x0000000008007c9c       0x60 /home/cpeng/gcc-arm-none-eabi/bin/../lib/gcc/arm-none-eabi/8.3.1/../../../../arm-none-eabi/lib/thumb/v7-m/nofp/libc.a(lib_a-callocr.o)
                0x0000000008007c9c                _calloc_r
 .text._close_r
                0x0000000008007cfc       0x24 /home/cpeng/gcc-arm-none-eabi/bin/../lib/gcc/arm-none-eabi/8.3.1/../../../../arm-none-eabi/lib/thumb/v7-m/nofp/libc.a(lib_a-closer.o)
                0x0000000008007cfc                _close_r
 .text._fclose_r
                0x0000000008007d20       0xd0 /home/cpeng/gcc-arm-none-eabi/bin/../lib/gcc/arm-none-eabi/8.3.1/../../../../arm-none-eabi/lib/thumb/v7-m/nofp/libc.a(lib_a-fclose.o)
                0x0000000008007d20                _fclose_r
 .text.__fputwc
                0x0000000008007df0       0xa0 /home/cpeng/gcc-arm-none-eabi/bin/../lib/gcc/arm-none-eabi/8.3.1/../../../../arm-none-eabi/lib/thumb/v7-m/nofp/libc.a(lib_a-fputwc.o)
                0x0000000008007df0                __fputwc
 .text._fputwc_r
                0x0000000008007e90       0x64 /home/cpeng/gcc-arm-none-eabi/bin/../lib/gcc/arm-none-eabi/8.3.1/../../../../arm-none-eabi/lib/thumb/v7-m/nofp/libc.a(lib_a-fputwc.o)
                0x0000000008007e90                _fputwc_r
 .text._fstat_r
                0x0000000008007ef4       0x28 /home/cpeng/gcc-arm-none-eabi/bin/../lib/gcc/arm-none-eabi/8.3.1/../../../../arm-none-eabi/lib/thumb/v7-m/nofp/libc.a(lib_a-fstatr.o)
                0x0000000008007ef4                _fstat_r
 .text.__sfvwrite_r
                0x0000000008007f1c      0x300 /home/cpeng/gcc-arm-none-eabi/bin/../lib/gcc/arm-none-eabi/8.3.1/../../../../arm-none-eabi/lib/thumb/v7-m/nofp/libc.a(lib_a-fvwrite.o)
                0x0000000008007f1c                __sfvwrite_r
 .text._isatty_r
                0x000000000800821c       0x24 /home/cpeng/gcc-arm-none-eabi/bin/../lib/gcc/arm-none-eabi/8.3.1/../../../../arm-none-eabi/lib/thumb/v7-m/nofp/libc.a(lib_a-isattyr.o)
                0x000000000800821c                _isatty_r
 .text.__locale_mb_cur_max
                0x0000000008008240        0xc /home/cpeng/gcc-arm-none-eabi/bin/../lib/gcc/arm-none-eabi/8.3.1/../../../../arm-none-eabi/lib/thumb/v7-m/nofp/libc.a(lib_a-locale.o)
                0x0000000008008240                __locale_mb_cur_max
 .text._lseek_r
                0x000000000800824c       0x2c /home/cpeng/gcc-arm-none-eabi/bin/../lib/gcc/arm-none-eabi/8.3.1/../../../../arm-none-eabi/lib/thumb/v7-m/nofp/libc.a(lib_a-lseekr.o)
                0x000000000800824c                _lseek_r
 .text.__ascii_mbtowc
                0x0000000008008278       0x2c /home/cpeng/gcc-arm-none-eabi/bin/../lib/gcc/arm-none-eabi/8.3.1/../../../../arm-none-eabi/lib/thumb/v7-m/nofp/libc.a(lib_a-mbtowc_r.o)
                0x0000000008008278                __ascii_mbtowc
 .text.memmove  0x00000000080082a4       0xcc /home/cpeng/gcc-arm-none-eabi/bin/../lib/gcc/arm-none-eabi/8.3.1/../../../../arm-none-eabi/lib/thumb/v7-m/nofp/libc.a(lib_a-memmove.o)
                0x00000000080082a4                memmove
 .text._read_r  0x0000000008008370       0x2c /home/cpeng/gcc-arm-none-eabi/bin/../lib/gcc/arm-none-eabi/8.3.1/../../../../arm-none-eabi/lib/thumb/v7-m/nofp/libc.a(lib_a-readr.o)
                0x0000000008008370                _read_r
 .text._realloc_r
                0x000000000800839c      0x37c /home/cpeng/gcc-arm-none-eabi/bin/../lib/gcc/arm-none-eabi/8.3.1/../../../../arm-none-eabi/lib/thumb/v7-m/nofp/libc.a(lib_a-reallocr.o)
                0x000000000800839c                _realloc_r
 .text.__swbuf_r
                0x0000000008008718       0xb0 /home/cpeng/gcc-arm-none-eabi/bin/../lib/gcc/arm-none-eabi/8.3.1/../../../../arm-none-eabi/lib/thumb/v7-m/nofp/libc.a(lib_a-wbuf.o)
                0x0000000008008718                __swbuf_r
 .text._wcrtomb_r
                0x00000000080087c8       0x34 /home/cpeng/gcc-arm-none-eabi/bin/../lib/gcc/arm-none-eabi/8.3.1/../../../../arm-none-eabi/lib/thumb/v7-m/nofp/libc.a(lib_a-wcrtomb.o)
                0x00000000080087c8                _wcrtomb_r
 .text.__ascii_wctomb
                0x00000000080087fc       0x1c /home/cpeng/gcc-arm-none-eabi/bin/../lib/gcc/arm-none-eabi/8.3.1/../../../../arm-none-eabi/lib/thumb/v7-m/nofp/libc.a(lib_a-wctomb_r.o)
                0x00000000080087fc                __ascii_wctomb
 .text._close   0x0000000008008818       0x10 /home/cpeng/gcc-arm-none-eabi/bin/../lib/gcc/arm-none-eabi/8.3.1/../../../../arm-none-eabi/lib/thumb/v7-m/nofp/libnosys.a(close.o)
                0x0000000008008818                _close
 .text._fstat   0x0000000008008828       0x10 /home/cpeng/gcc-arm-none-eabi/bin/../lib/gcc/arm-none-eabi/8.3.1/../../../../arm-none-eabi/lib/thumb/v7-m/nofp/libnosys.a(fstat.o)
                0x0000000008008828                _fstat
 .text._isatty  0x0000000008008838       0x10 /home/cpeng/gcc-arm-none-eabi/bin/../lib/gcc/arm-none-eabi/8.3.1/../../../../arm-none-eabi/lib/thumb/v7-m/nofp/libnosys.a(isatty.o)
                0x0000000008008838                _isatty
 .text._lseek   0x0000000008008848       0x10 /home/cpeng/gcc-arm-none-eabi/bin/../lib/gcc/arm-none-eabi/8.3.1/../../../../arm-none-eabi/lib/thumb/v7-m/nofp/libnosys.a(lseek.o)
                0x0000000008008848                _lseek
 .text._sbrk    0x0000000008008858       0x1c /home/cpeng/gcc-arm-none-eabi/bin/../lib/gcc/arm-none-eabi/8.3.1/../../../../arm-none-eabi/lib/thumb/v7-m/nofp/libnosys.a(sbrk.o)
                0x0000000008008858                _sbrk
 *(.rodata)
 .rodata        0x0000000008008874       0x22 user/main.o
 *(.rodata*)
 *fill*         0x0000000008008896        0x2 
 .rodata._global_impure_ptr
                0x0000000008008898        0x4 /home/cpeng/gcc-arm-none-eabi/bin/../lib/gcc/arm-none-eabi/8.3.1/../../../../arm-none-eabi/lib/thumb/v7-m/nofp/libc.a(lib_a-impure.o)
                0x0000000008008898                _global_impure_ptr
 .rodata._vfprintf_r.str1.4
                0x000000000800889c       0x42 /home/cpeng/gcc-arm-none-eabi/bin/../lib/gcc/arm-none-eabi/8.3.1/../../../../arm-none-eabi/lib/thumb/v7-m/nofp/libc.a(lib_a-vfprintf.o)
 *fill*         0x00000000080088de        0x2 
 .rodata.blanks.7370
                0x00000000080088e0       0x10 /home/cpeng/gcc-arm-none-eabi/bin/../lib/gcc/arm-none-eabi/8.3.1/../../../../arm-none-eabi/lib/thumb/v7-m/nofp/libc.a(lib_a-vfprintf.o)
 .rodata.zeroes.7371
                0x00000000080088f0       0x10 /home/cpeng/gcc-arm-none-eabi/bin/../lib/gcc/arm-none-eabi/8.3.1/../../../../arm-none-eabi/lib/thumb/v7-m/nofp/libc.a(lib_a-vfprintf.o)
 .rodata._dtoa_r.str1.4
                0x0000000008008900        0xd /home/cpeng/gcc-arm-none-eabi/bin/../lib/gcc/arm-none-eabi/8.3.1/../../../../arm-none-eabi/lib/thumb/v7-m/nofp/libc.a(lib_a-dtoa.o)
                                         0x12 (size before relaxing)
 *fill*         0x000000000800890d        0x3 
 .rodata.__mprec_bigtens
                0x0000000008008910       0x28 /home/cpeng/gcc-arm-none-eabi/bin/../lib/gcc/arm-none-eabi/8.3.1/../../../../arm-none-eabi/lib/thumb/v7-m/nofp/libc.a(lib_a-mprec.o)
                0x0000000008008910                __mprec_bigtens
 .rodata.__mprec_tens
                0x0000000008008938       0xc8 /home/cpeng/gcc-arm-none-eabi/bin/../lib/gcc/arm-none-eabi/8.3.1/../../../../arm-none-eabi/lib/thumb/v7-m/nofp/libc.a(lib_a-mprec.o)
                0x0000000008008938                __mprec_tens
 .rodata.p05.6125
                0x0000000008008a00        0xc /home/cpeng/gcc-arm-none-eabi/bin/../lib/gcc/arm-none-eabi/8.3.1/../../../../arm-none-eabi/lib/thumb/v7-m/nofp/libc.a(lib_a-mprec.o)
 .rodata._setlocale_r.str1.4
                0x0000000008008a0c        0xa /home/cpeng/gcc-arm-none-eabi/bin/../lib/gcc/arm-none-eabi/8.3.1/../../../../arm-none-eabi/lib/thumb/v7-m/nofp/libc.a(lib_a-locale.o)
                                          0xd (size before relaxing)
 *fill*         0x0000000008008a16        0x2 
 .rodata.str1.4
                0x0000000008008a18        0x4 /home/cpeng/gcc-arm-none-eabi/bin/../lib/gcc/arm-none-eabi/8.3.1/../../../../arm-none-eabi/lib/thumb/v7-m/nofp/libc.a(lib_a-locale.o)
                                          0x2 (size before relaxing)
 .rodata._ctype_
                0x0000000008008a1c      0x101 /home/cpeng/gcc-arm-none-eabi/bin/../lib/gcc/arm-none-eabi/8.3.1/../../../../arm-none-eabi/lib/thumb/v7-m/nofp/libc.a(lib_a-ctype_.o)
                0x0000000008008a1c                _ctype_
 *(.glue_7)
 .glue_7        0x0000000008008b1d        0x0 linker stubs
 *(.glue_7t)
 .glue_7t       0x0000000008008b1d        0x0 linker stubs
 *(.init)
 *fill*         0x0000000008008b1d        0x3 
 .init          0x0000000008008b20        0x4 /home/cpeng/gcc-arm-none-eabi/bin/../lib/gcc/arm-none-eabi/8.3.1/thumb/v7-m/nofp/crti.o
                0x0000000008008b20                _init
 .init          0x0000000008008b24        0x8 /home/cpeng/gcc-arm-none-eabi/bin/../lib/gcc/arm-none-eabi/8.3.1/thumb/v7-m/nofp/crtn.o
 *(.fini)
 .fini          0x0000000008008b2c        0x4 /home/cpeng/gcc-arm-none-eabi/bin/../lib/gcc/arm-none-eabi/8.3.1/thumb/v7-m/nofp/crti.o
                0x0000000008008b2c                _fini
 .fini          0x0000000008008b30        0x8 /home/cpeng/gcc-arm-none-eabi/bin/../lib/gcc/arm-none-eabi/8.3.1/thumb/v7-m/nofp/crtn.o
                0x0000000008008b38                . = ALIGN (0x4)
                0x0000000008008b38                _etext = .

.vfp11_veneer   0x0000000008008b38        0x0
 .vfp11_veneer  0x0000000008008b38        0x0 linker stubs

.v4_bx          0x0000000008008b38        0x0
 .v4_bx         0x0000000008008b38        0x0 linker stubs

.iplt           0x0000000008008b38        0x0
 .iplt          0x0000000008008b38        0x0 /home/cpeng/gcc-arm-none-eabi/bin/../lib/gcc/arm-none-eabi/8.3.1/thumb/v7-m/nofp/crtbegin.o

.ARM.extab
 *(.ARM.extab* .gnu.linkonce.armextab.*)

.ARM            0x0000000008008b38        0x8
                0x0000000008008b38                __exidx_start = .
 *(.ARM.exidx*)
 .ARM.exidx     0x0000000008008b38        0x8 /home/cpeng/gcc-arm-none-eabi/bin/../lib/gcc/arm-none-eabi/8.3.1/thumb/v7-m/nofp/libgcc.a(_udivmoddi4.o)
                0x0000000008008b40                __exidx_end = .

.rel.dyn        0x0000000008008b40        0x0
 .rel.iplt      0x0000000008008b40        0x0 /home/cpeng/gcc-arm-none-eabi/bin/../lib/gcc/arm-none-eabi/8.3.1/thumb/v7-m/nofp/crtbegin.o

.ARM.attributes
                0x0000000008008b40       0x29
 *(.ARM.attributes)
 .ARM.attributes
                0x0000000008008b40       0x1d /home/cpeng/gcc-arm-none-eabi/bin/../lib/gcc/arm-none-eabi/8.3.1/thumb/v7-m/nofp/crti.o
 .ARM.attributes
                0x0000000008008b5d       0x2d /home/cpeng/gcc-arm-none-eabi/bin/../lib/gcc/arm-none-eabi/8.3.1/thumb/v7-m/nofp/crtbegin.o
 .ARM.attributes
                0x0000000008008b8a       0x21 startup/startup_stm32f10x_hd.o
 .ARM.attributes
                0x0000000008008bab       0x2d cmsis/system_stm32f10x.o
 .ARM.attributes
                0x0000000008008bd8       0x2d user/stm32f10x_it.o
 .ARM.attributes
                0x0000000008008c05       0x2d user/main.o
 .ARM.attributes
                0x0000000008008c32       0x2d system/delay/delay.o
 .ARM.attributes
                0x0000000008008c5f       0x2d system/usart/usart.o
 .ARM.attributes
                0x0000000008008c8c       0x2d libraries/src/stm32f10x_usart.o
 .ARM.attributes
                0x0000000008008cb9       0x2d libraries/src/stm32f10x_spi.o
 .ARM.attributes
                0x0000000008008ce6       0x2d libraries/src/stm32f10x_gpio.o
 .ARM.attributes
                0x0000000008008d13       0x2d libraries/src/stm32f10x_rcc.o
 .ARM.attributes
                0x0000000008008d40       0x2d libraries/src/misc.o
 .ARM.attributes
                0x0000000008008d6d       0x2d hardware/SPI/spi.o
 .ARM.attributes
                0x0000000008008d9a       0x2d hardware/LED/led.o
 .ARM.attributes
                0x0000000008008dc7       0x2d hardware/W25Q128/w25q128.o
 .ARM.attributes
                0x0000000008008df4       0x2d /home/cpeng/gcc-arm-none-eabi/bin/../lib/gcc/arm-none-eabi/8.3.1/../../../../arm-none-eabi/lib/thumb/v7-m/nofp/libc.a(lib_a-impure.o)
 .ARM.attributes
                0x0000000008008e21       0x2d /home/cpeng/gcc-arm-none-eabi/bin/../lib/gcc/arm-none-eabi/8.3.1/../../../../arm-none-eabi/lib/thumb/v7-m/nofp/libc.a(lib_a-init.o)
 .ARM.attributes
                0x0000000008008e4e       0x2d /home/cpeng/gcc-arm-none-eabi/bin/../lib/gcc/arm-none-eabi/8.3.1/../../../../arm-none-eabi/lib/thumb/v7-m/nofp/libc.a(lib_a-memset.o)
 .ARM.attributes
                0x0000000008008e7b       0x2d /home/cpeng/gcc-arm-none-eabi/bin/../lib/gcc/arm-none-eabi/8.3.1/../../../../arm-none-eabi/lib/thumb/v7-m/nofp/libc.a(lib_a-printf.o)
 .ARM.attributes
                0x0000000008008ea8       0x2d /home/cpeng/gcc-arm-none-eabi/bin/../lib/gcc/arm-none-eabi/8.3.1/../../../../arm-none-eabi/lib/thumb/v7-m/nofp/libc.a(lib_a-vfprintf.o)
 .ARM.attributes
                0x0000000008008ed5       0x2d /home/cpeng/gcc-arm-none-eabi/bin/../lib/gcc/arm-none-eabi/8.3.1/../../../../arm-none-eabi/lib/thumb/v7-m/nofp/libc.a(lib_a-wsetup.o)
 .ARM.attributes
                0x0000000008008f02       0x2d /home/cpeng/gcc-arm-none-eabi/bin/../lib/gcc/arm-none-eabi/8.3.1/../../../../arm-none-eabi/lib/thumb/v7-m/nofp/libc.a(lib_a-__call_atexit.o)
 .ARM.attributes
                0x0000000008008f2f       0x2d /home/cpeng/gcc-arm-none-eabi/bin/../lib/gcc/arm-none-eabi/8.3.1/../../../../arm-none-eabi/lib/thumb/v7-m/nofp/libc.a(lib_a-atexit.o)
 .ARM.attributes
                0x0000000008008f5c       0x2d /home/cpeng/gcc-arm-none-eabi/bin/../lib/gcc/arm-none-eabi/8.3.1/../../../../arm-none-eabi/lib/thumb/v7-m/nofp/libc.a(lib_a-dtoa.o)
 .ARM.attributes
                0x0000000008008f89       0x2d /home/cpeng/gcc-arm-none-eabi/bin/../lib/gcc/arm-none-eabi/8.3.1/../../../../arm-none-eabi/lib/thumb/v7-m/nofp/libc.a(lib_a-fflush.o)
 .ARM.attributes
                0x0000000008008fb6       0x2d /home/cpeng/gcc-arm-none-eabi/bin/../lib/gcc/arm-none-eabi/8.3.1/../../../../arm-none-eabi/lib/thumb/v7-m/nofp/libc.a(lib_a-findfp.o)
 .ARM.attributes
                0x0000000008008fe3       0x2d /home/cpeng/gcc-arm-none-eabi/bin/../lib/gcc/arm-none-eabi/8.3.1/../../../../arm-none-eabi/lib/thumb/v7-m/nofp/libc.a(lib_a-fini.o)
 .ARM.attributes
                0x0000000008009010       0x2d /home/cpeng/gcc-arm-none-eabi/bin/../lib/gcc/arm-none-eabi/8.3.1/../../../../arm-none-eabi/lib/thumb/v7-m/nofp/libc.a(lib_a-freer.o)
 .ARM.attributes
                0x000000000800903d       0x2d /home/cpeng/gcc-arm-none-eabi/bin/../lib/gcc/arm-none-eabi/8.3.1/../../../../arm-none-eabi/lib/thumb/v7-m/nofp/libc.a(lib_a-fwalk.o)
 .ARM.attributes
                0x000000000800906a       0x2d /home/cpeng/gcc-arm-none-eabi/bin/../lib/gcc/arm-none-eabi/8.3.1/../../../../arm-none-eabi/lib/thumb/v7-m/nofp/libc.a(lib_a-localeconv.o)
 .ARM.attributes
                0x0000000008009097       0x2d /home/cpeng/gcc-arm-none-eabi/bin/../lib/gcc/arm-none-eabi/8.3.1/../../../../arm-none-eabi/lib/thumb/v7-m/nofp/libc.a(lib_a-lock.o)
 .ARM.attributes
                0x00000000080090c4       0x2d /home/cpeng/gcc-arm-none-eabi/bin/../lib/gcc/arm-none-eabi/8.3.1/../../../../arm-none-eabi/lib/thumb/v7-m/nofp/libc.a(lib_a-makebuf.o)
 .ARM.attributes
                0x00000000080090f1       0x2d /home/cpeng/gcc-arm-none-eabi/bin/../lib/gcc/arm-none-eabi/8.3.1/../../../../arm-none-eabi/lib/thumb/v7-m/nofp/libc.a(lib_a-mallocr.o)
 .ARM.attributes
                0x000000000800911e       0x2d /home/cpeng/gcc-arm-none-eabi/bin/../lib/gcc/arm-none-eabi/8.3.1/../../../../arm-none-eabi/lib/thumb/v7-m/nofp/libc.a(lib_a-memchr-stub.o)
 .ARM.attributes
                0x000000000800914b       0x1b /home/cpeng/gcc-arm-none-eabi/bin/../lib/gcc/arm-none-eabi/8.3.1/../../../../arm-none-eabi/lib/thumb/v7-m/nofp/libc.a(lib_a-memcpy.o)
 .ARM.attributes
                0x0000000008009166       0x2d /home/cpeng/gcc-arm-none-eabi/bin/../lib/gcc/arm-none-eabi/8.3.1/../../../../arm-none-eabi/lib/thumb/v7-m/nofp/libc.a(lib_a-mlock.o)
 .ARM.attributes
                0x0000000008009193       0x2d /home/cpeng/gcc-arm-none-eabi/bin/../lib/gcc/arm-none-eabi/8.3.1/../../../../arm-none-eabi/lib/thumb/v7-m/nofp/libc.a(lib_a-mprec.o)
 .ARM.attributes
                0x00000000080091c0       0x2d /home/cpeng/gcc-arm-none-eabi/bin/../lib/gcc/arm-none-eabi/8.3.1/../../../../arm-none-eabi/lib/thumb/v7-m/nofp/libc.a(lib_a-s_frexp.o)
 .ARM.attributes
                0x00000000080091ed       0x2d /home/cpeng/gcc-arm-none-eabi/bin/../lib/gcc/arm-none-eabi/8.3.1/../../../../arm-none-eabi/lib/thumb/v7-m/nofp/libc.a(lib_a-sbrkr.o)
 .ARM.attributes
                0x000000000800921a       0x2d /home/cpeng/gcc-arm-none-eabi/bin/../lib/gcc/arm-none-eabi/8.3.1/../../../../arm-none-eabi/lib/thumb/v7-m/nofp/libc.a(lib_a-stdio.o)
 .ARM.attributes
                0x0000000008009247       0x2d /home/cpeng/gcc-arm-none-eabi/bin/../lib/gcc/arm-none-eabi/8.3.1/../../../../arm-none-eabi/lib/thumb/v7-m/nofp/libc.a(lib_a-strlen-stub.o)
 .ARM.attributes
                0x0000000008009274       0x2d /home/cpeng/gcc-arm-none-eabi/bin/../lib/gcc/arm-none-eabi/8.3.1/../../../../arm-none-eabi/lib/thumb/v7-m/nofp/libc.a(lib_a-strncpy.o)
 .ARM.attributes
                0x00000000080092a1       0x2d /home/cpeng/gcc-arm-none-eabi/bin/../lib/gcc/arm-none-eabi/8.3.1/../../../../arm-none-eabi/lib/thumb/v7-m/nofp/libc.a(lib_a-vfiprintf.o)
 .ARM.attributes
                0x00000000080092ce       0x2d /home/cpeng/gcc-arm-none-eabi/bin/../lib/gcc/arm-none-eabi/8.3.1/../../../../arm-none-eabi/lib/thumb/v7-m/nofp/libc.a(lib_a-writer.o)
 .ARM.attributes
                0x00000000080092fb       0x2d /home/cpeng/gcc-arm-none-eabi/bin/../lib/gcc/arm-none-eabi/8.3.1/../../../../arm-none-eabi/lib/thumb/v7-m/nofp/libc.a(lib_a-__atexit.o)
 .ARM.attributes
                0x0000000008009328       0x2d /home/cpeng/gcc-arm-none-eabi/bin/../lib/gcc/arm-none-eabi/8.3.1/../../../../arm-none-eabi/lib/thumb/v7-m/nofp/libc.a(lib_a-callocr.o)
 .ARM.attributes
                0x0000000008009355       0x2d /home/cpeng/gcc-arm-none-eabi/bin/../lib/gcc/arm-none-eabi/8.3.1/../../../../arm-none-eabi/lib/thumb/v7-m/nofp/libc.a(lib_a-closer.o)
 .ARM.attributes
                0x0000000008009382       0x2d /home/cpeng/gcc-arm-none-eabi/bin/../lib/gcc/arm-none-eabi/8.3.1/../../../../arm-none-eabi/lib/thumb/v7-m/nofp/libc.a(lib_a-fclose.o)
 .ARM.attributes
                0x00000000080093af       0x2d /home/cpeng/gcc-arm-none-eabi/bin/../lib/gcc/arm-none-eabi/8.3.1/../../../../arm-none-eabi/lib/thumb/v7-m/nofp/libc.a(lib_a-fputwc.o)
 .ARM.attributes
                0x00000000080093dc       0x2d /home/cpeng/gcc-arm-none-eabi/bin/../lib/gcc/arm-none-eabi/8.3.1/../../../../arm-none-eabi/lib/thumb/v7-m/nofp/libc.a(lib_a-fstatr.o)
 .ARM.attributes
                0x0000000008009409       0x2d /home/cpeng/gcc-arm-none-eabi/bin/../lib/gcc/arm-none-eabi/8.3.1/../../../../arm-none-eabi/lib/thumb/v7-m/nofp/libc.a(lib_a-fvwrite.o)
 .ARM.attributes
                0x0000000008009436       0x2d /home/cpeng/gcc-arm-none-eabi/bin/../lib/gcc/arm-none-eabi/8.3.1/../../../../arm-none-eabi/lib/thumb/v7-m/nofp/libc.a(lib_a-isattyr.o)
 .ARM.attributes
                0x0000000008009463       0x2d /home/cpeng/gcc-arm-none-eabi/bin/../lib/gcc/arm-none-eabi/8.3.1/../../../../arm-none-eabi/lib/thumb/v7-m/nofp/libc.a(lib_a-locale.o)
 .ARM.attributes
                0x0000000008009490       0x2d /home/cpeng/gcc-arm-none-eabi/bin/../lib/gcc/arm-none-eabi/8.3.1/../../../../arm-none-eabi/lib/thumb/v7-m/nofp/libc.a(lib_a-lseekr.o)
 .ARM.attributes
                0x00000000080094bd       0x2d /home/cpeng/gcc-arm-none-eabi/bin/../lib/gcc/arm-none-eabi/8.3.1/../../../../arm-none-eabi/lib/thumb/v7-m/nofp/libc.a(lib_a-mbtowc_r.o)
 .ARM.attributes
                0x00000000080094ea       0x2d /home/cpeng/gcc-arm-none-eabi/bin/../lib/gcc/arm-none-eabi/8.3.1/../../../../arm-none-eabi/lib/thumb/v7-m/nofp/libc.a(lib_a-memmove.o)
 .ARM.attributes
                0x0000000008009517       0x2d /home/cpeng/gcc-arm-none-eabi/bin/../lib/gcc/arm-none-eabi/8.3.1/../../../../arm-none-eabi/lib/thumb/v7-m/nofp/libc.a(lib_a-readr.o)
 .ARM.attributes
                0x0000000008009544       0x2d /home/cpeng/gcc-arm-none-eabi/bin/../lib/gcc/arm-none-eabi/8.3.1/../../../../arm-none-eabi/lib/thumb/v7-m/nofp/libc.a(lib_a-reallocr.o)
 .ARM.attributes
                0x0000000008009571       0x2d /home/cpeng/gcc-arm-none-eabi/bin/../lib/gcc/arm-none-eabi/8.3.1/../../../../arm-none-eabi/lib/thumb/v7-m/nofp/libc.a(lib_a-reent.o)
 .ARM.attributes
                0x000000000800959e       0x2d /home/cpeng/gcc-arm-none-eabi/bin/../lib/gcc/arm-none-eabi/8.3.1/../../../../arm-none-eabi/lib/thumb/v7-m/nofp/libc.a(lib_a-wbuf.o)
 .ARM.attributes
                0x00000000080095cb       0x2d /home/cpeng/gcc-arm-none-eabi/bin/../lib/gcc/arm-none-eabi/8.3.1/../../../../arm-none-eabi/lib/thumb/v7-m/nofp/libc.a(lib_a-wcrtomb.o)
 .ARM.attributes
                0x00000000080095f8       0x2d /home/cpeng/gcc-arm-none-eabi/bin/../lib/gcc/arm-none-eabi/8.3.1/../../../../arm-none-eabi/lib/thumb/v7-m/nofp/libc.a(lib_a-wctomb_r.o)
 .ARM.attributes
                0x0000000008009625       0x2d /home/cpeng/gcc-arm-none-eabi/bin/../lib/gcc/arm-none-eabi/8.3.1/../../../../arm-none-eabi/lib/thumb/v7-m/nofp/libc.a(lib_a-ctype_.o)
 .ARM.attributes
                0x0000000008009652       0x1d /home/cpeng/gcc-arm-none-eabi/bin/../lib/gcc/arm-none-eabi/8.3.1/thumb/v7-m/nofp/libgcc.a(_arm_addsubdf3.o)
 .ARM.attributes
                0x000000000800966f       0x1d /home/cpeng/gcc-arm-none-eabi/bin/../lib/gcc/arm-none-eabi/8.3.1/thumb/v7-m/nofp/libgcc.a(_arm_muldivdf3.o)
 .ARM.attributes
                0x000000000800968c       0x1d /home/cpeng/gcc-arm-none-eabi/bin/../lib/gcc/arm-none-eabi/8.3.1/thumb/v7-m/nofp/libgcc.a(_arm_cmpdf2.o)
 .ARM.attributes
                0x00000000080096a9       0x1d /home/cpeng/gcc-arm-none-eabi/bin/../lib/gcc/arm-none-eabi/8.3.1/thumb/v7-m/nofp/libgcc.a(_arm_unorddf2.o)
 .ARM.attributes
                0x00000000080096c6       0x1d /home/cpeng/gcc-arm-none-eabi/bin/../lib/gcc/arm-none-eabi/8.3.1/thumb/v7-m/nofp/libgcc.a(_arm_fixdfsi.o)
 .ARM.attributes
                0x00000000080096e3       0x1d /home/cpeng/gcc-arm-none-eabi/bin/../lib/gcc/arm-none-eabi/8.3.1/thumb/v7-m/nofp/libgcc.a(_aeabi_uldivmod.o)
 .ARM.attributes
                0x0000000008009700       0x2d /home/cpeng/gcc-arm-none-eabi/bin/../lib/gcc/arm-none-eabi/8.3.1/thumb/v7-m/nofp/libgcc.a(_udivmoddi4.o)
 .ARM.attributes
                0x000000000800972d       0x1d /home/cpeng/gcc-arm-none-eabi/bin/../lib/gcc/arm-none-eabi/8.3.1/thumb/v7-m/nofp/libgcc.a(_dvmd_tls.o)
 .ARM.attributes
                0x000000000800974a       0x2d /home/cpeng/gcc-arm-none-eabi/bin/../lib/gcc/arm-none-eabi/8.3.1/../../../../arm-none-eabi/lib/thumb/v7-m/nofp/libnosys.a(close.o)
 .ARM.attributes
                0x0000000008009777       0x2d /home/cpeng/gcc-arm-none-eabi/bin/../lib/gcc/arm-none-eabi/8.3.1/../../../../arm-none-eabi/lib/thumb/v7-m/nofp/libnosys.a(fstat.o)
 .ARM.attributes
                0x00000000080097a4       0x2d /home/cpeng/gcc-arm-none-eabi/bin/../lib/gcc/arm-none-eabi/8.3.1/../../../../arm-none-eabi/lib/thumb/v7-m/nofp/libnosys.a(isatty.o)
 .ARM.attributes
                0x00000000080097d1       0x2d /home/cpeng/gcc-arm-none-eabi/bin/../lib/gcc/arm-none-eabi/8.3.1/../../../../arm-none-eabi/lib/thumb/v7-m/nofp/libnosys.a(lseek.o)
 .ARM.attributes
                0x00000000080097fe       0x2d /home/cpeng/gcc-arm-none-eabi/bin/../lib/gcc/arm-none-eabi/8.3.1/../../../../arm-none-eabi/lib/thumb/v7-m/nofp/libnosys.a(sbrk.o)
 .ARM.attributes
                0x000000000800982b       0x1d /home/cpeng/gcc-arm-none-eabi/bin/../lib/gcc/arm-none-eabi/8.3.1/thumb/v7-m/nofp/crtn.o

.preinit_array  0x0000000008008b40        0x0
                0x0000000008008b40                PROVIDE (__preinit_array_start = .)
 *(.preinit_array*)
                0x0000000008008b40                PROVIDE (__preinit_array_end = .)

.init_array     0x0000000008008b40        0x8
                0x0000000008008b40                PROVIDE (__init_array_start = .)
 *(SORT_BY_NAME(.init_array.*))
 .init_array.00000
                0x0000000008008b40        0x4 /home/cpeng/gcc-arm-none-eabi/bin/../lib/gcc/arm-none-eabi/8.3.1/../../../../arm-none-eabi/lib/thumb/v7-m/nofp/libc.a(lib_a-__call_atexit.o)
 *(.init_array*)
 .init_array    0x0000000008008b44        0x4 /home/cpeng/gcc-arm-none-eabi/bin/../lib/gcc/arm-none-eabi/8.3.1/thumb/v7-m/nofp/crtbegin.o
                0x0000000008008b48                PROVIDE (__init_array_end = .)

.fini_array     0x0000000008008b48        0x4
                0x0000000008008b48                PROVIDE (__fini_array_start = .)
 *(.fini_array*)
 .fini_array    0x0000000008008b48        0x4 /home/cpeng/gcc-arm-none-eabi/bin/../lib/gcc/arm-none-eabi/8.3.1/thumb/v7-m/nofp/crtbegin.o
 *(SORT_BY_NAME(.fini_array.*))
                0x0000000008008b4c                PROVIDE (__fini_array_end = .)
                0x0000000008008b4c                _sidata = .

.data           0x0000000020000000      0x9d8 load address 0x0000000008008b4c
                0x0000000020000000                . = ALIGN (0x4)
                0x0000000020000000                _sdata = .
 *(.data)
 .data          0x0000000020000000       0x14 cmsis/system_stm32f10x.o
                0x0000000020000000                SystemCoreClock
                0x0000000020000004                AHBPrescTable
 .data          0x0000000020000014       0x14 libraries/src/stm32f10x_rcc.o
 *(.data*)
 .data._impure_ptr
                0x0000000020000028        0x4 /home/cpeng/gcc-arm-none-eabi/bin/../lib/gcc/arm-none-eabi/8.3.1/../../../../arm-none-eabi/lib/thumb/v7-m/nofp/libc.a(lib_a-impure.o)
                0x0000000020000028                _impure_ptr
 *fill*         0x000000002000002c        0x4 
 .data.impure_data
                0x0000000020000030      0x428 /home/cpeng/gcc-arm-none-eabi/bin/../lib/gcc/arm-none-eabi/8.3.1/../../../../arm-none-eabi/lib/thumb/v7-m/nofp/libc.a(lib_a-impure.o)
 .data.__atexit_recursive_mutex
                0x0000000020000458        0x4 /home/cpeng/gcc-arm-none-eabi/bin/../lib/gcc/arm-none-eabi/8.3.1/../../../../arm-none-eabi/lib/thumb/v7-m/nofp/libc.a(lib_a-__call_atexit.o)
                0x0000000020000458                __atexit_recursive_mutex
 .data.__malloc_av_
                0x000000002000045c      0x408 /home/cpeng/gcc-arm-none-eabi/bin/../lib/gcc/arm-none-eabi/8.3.1/../../../../arm-none-eabi/lib/thumb/v7-m/nofp/libc.a(lib_a-mallocr.o)
                0x000000002000045c                __malloc_av_
 .data.__malloc_sbrk_base
                0x0000000020000864        0x4 /home/cpeng/gcc-arm-none-eabi/bin/../lib/gcc/arm-none-eabi/8.3.1/../../../../arm-none-eabi/lib/thumb/v7-m/nofp/libc.a(lib_a-mallocr.o)
                0x0000000020000864                __malloc_sbrk_base
 .data.__malloc_trim_threshold
                0x0000000020000868        0x4 /home/cpeng/gcc-arm-none-eabi/bin/../lib/gcc/arm-none-eabi/8.3.1/../../../../arm-none-eabi/lib/thumb/v7-m/nofp/libc.a(lib_a-mallocr.o)
                0x0000000020000868                __malloc_trim_threshold
 .data.__global_locale
                0x000000002000086c      0x16c /home/cpeng/gcc-arm-none-eabi/bin/../lib/gcc/arm-none-eabi/8.3.1/../../../../arm-none-eabi/lib/thumb/v7-m/nofp/libc.a(lib_a-locale.o)
                0x000000002000086c                __global_locale
                0x00000000200009d8                . = ALIGN (0x4)
                0x00000000200009d8                _edata = .

.igot.plt       0x00000000200009d8        0x0 load address 0x0000000008009524
 .igot.plt      0x00000000200009d8        0x0 /home/cpeng/gcc-arm-none-eabi/bin/../lib/gcc/arm-none-eabi/8.3.1/thumb/v7-m/nofp/crtbegin.o
                0x00000000200009d8                . = ALIGN (0x4)

.bss            0x00000000200009d8     0x1080 load address 0x0000000008009524
                0x00000000200009d8                _sbss = .
                0x00000000200009d8                __bss_start__ = _sbss
 *(.bss)
 .bss           0x00000000200009d8       0x1c /home/cpeng/gcc-arm-none-eabi/bin/../lib/gcc/arm-none-eabi/8.3.1/thumb/v7-m/nofp/crtbegin.o
 .bss           0x00000000200009f4        0x4 system/delay/delay.o
 *(.bss*)
 .bss.__malloc_current_mallinfo
                0x00000000200009f8       0x28 /home/cpeng/gcc-arm-none-eabi/bin/../lib/gcc/arm-none-eabi/8.3.1/../../../../arm-none-eabi/lib/thumb/v7-m/nofp/libc.a(lib_a-mallocr.o)
                0x00000000200009f8                __malloc_current_mallinfo
 .bss.__malloc_max_sbrked_mem
                0x0000000020000a20        0x4 /home/cpeng/gcc-arm-none-eabi/bin/../lib/gcc/arm-none-eabi/8.3.1/../../../../arm-none-eabi/lib/thumb/v7-m/nofp/libc.a(lib_a-mallocr.o)
                0x0000000020000a20                __malloc_max_sbrked_mem
 .bss.__malloc_max_total_mem
                0x0000000020000a24        0x4 /home/cpeng/gcc-arm-none-eabi/bin/../lib/gcc/arm-none-eabi/8.3.1/../../../../arm-none-eabi/lib/thumb/v7-m/nofp/libc.a(lib_a-mallocr.o)
                0x0000000020000a24                __malloc_max_total_mem
 .bss.__malloc_top_pad
                0x0000000020000a28        0x4 /home/cpeng/gcc-arm-none-eabi/bin/../lib/gcc/arm-none-eabi/8.3.1/../../../../arm-none-eabi/lib/thumb/v7-m/nofp/libc.a(lib_a-mallocr.o)
                0x0000000020000a28                __malloc_top_pad
 .bss.heap_end.4194
                0x0000000020000a2c        0x4 /home/cpeng/gcc-arm-none-eabi/bin/../lib/gcc/arm-none-eabi/8.3.1/../../../../arm-none-eabi/lib/thumb/v7-m/nofp/libnosys.a(sbrk.o)
 *(COMMON)
 COMMON         0x0000000020000a30     0x1000 hardware/W25Q128/w25q128.o
                0x0000000020000a30                W25Q128_BUFFER
 COMMON         0x0000000020001a30       0x21 /home/cpeng/gcc-arm-none-eabi/bin/../lib/gcc/arm-none-eabi/8.3.1/../../../../arm-none-eabi/lib/thumb/v7-m/nofp/libc.a(lib_a-lock.o)
                0x0000000020001a30                __lock___atexit_recursive_mutex
                0x0000000020001a34                __lock___arc4random_mutex
                0x0000000020001a38                __lock___env_recursive_mutex
                0x0000000020001a3c                __lock___sinit_recursive_mutex
                0x0000000020001a40                __lock___malloc_recursive_mutex
                0x0000000020001a44                __lock___at_quick_exit_mutex
                0x0000000020001a48                __lock___dd_hash_mutex
                0x0000000020001a4c                __lock___tz_mutex
                0x0000000020001a50                __lock___sfp_recursive_mutex
 *fill*         0x0000000020001a51        0x3 
 COMMON         0x0000000020001a54        0x4 /home/cpeng/gcc-arm-none-eabi/bin/../lib/gcc/arm-none-eabi/8.3.1/../../../../arm-none-eabi/lib/thumb/v7-m/nofp/libc.a(lib_a-reent.o)
                0x0000000020001a54                errno
                0x0000000020001a58                . = ALIGN (0x4)
                0x0000000020001a58                _ebss = .
                0x0000000020001a58                __bss_end__ = _ebss
                0x0000000020001a58                PROVIDE (end = _ebss)
                [!provide]                        PROVIDE (_end = _ebss)

._user_heap_stack
                0x0000000020001a58      0x200 load address 0x000000000800a5a4
                0x0000000020001a58                . = ALIGN (0x4)
                0x0000000020001a58                . = (. + _Min_Heap_Size)
                0x0000000020001c58                . = (. + _Min_Stack_Size)
 *fill*         0x0000000020001a58      0x200 
                0x0000000020001c58                . = ALIGN (0x4)

.memory_b1_text
 *(.mb1text)
 *(.mb1text*)
 *(.mb1rodata)
 *(.mb1rodata*)

/DISCARD/
 libc.a(*)
 libm.a(*)
 libgcc.a(*)
OUTPUT(usart.elf elf32-littlearm)

.debug_line     0x0000000000000000     0x2599
 .debug_line    0x0000000000000000       0x7b startup/startup_stm32f10x_hd.o
 .debug_line    0x000000000000007b      0x25d cmsis/system_stm32f10x.o
 .debug_line    0x00000000000002d8      0x151 user/stm32f10x_it.o
 .debug_line    0x0000000000000429      0x174 user/main.o
 .debug_line    0x000000000000059d      0x1d7 system/delay/delay.o
 .debug_line    0x0000000000000774      0x23f system/usart/usart.o
 .debug_line    0x00000000000009b3      0x4f1 libraries/src/stm32f10x_usart.o
 .debug_line    0x0000000000000ea4      0x44e libraries/src/stm32f10x_spi.o
 .debug_line    0x00000000000012f2      0x44c libraries/src/stm32f10x_gpio.o
 .debug_line    0x000000000000173e      0x519 libraries/src/stm32f10x_rcc.o
 .debug_line    0x0000000000001c57      0x220 libraries/src/misc.o
 .debug_line    0x0000000000001e77      0x1ef hardware/SPI/spi.o
 .debug_line    0x0000000000002066      0x186 hardware/LED/led.o
 .debug_line    0x00000000000021ec      0x3ad hardware/W25Q128/w25q128.o

.debug_info     0x0000000000000000     0x42de
 .debug_info    0x0000000000000000       0x22 startup/startup_stm32f10x_hd.o
 .debug_info    0x0000000000000022      0x48c cmsis/system_stm32f10x.o
 .debug_info    0x00000000000004ae      0x144 user/stm32f10x_it.o
 .debug_info    0x00000000000005f2      0x187 user/main.o
 .debug_info    0x0000000000000779      0x1f2 system/delay/delay.o
 .debug_info    0x000000000000096b      0x463 system/usart/usart.o
 .debug_info    0x0000000000000dce      0xa79 libraries/src/stm32f10x_usart.o
 .debug_info    0x0000000000001847      0x978 libraries/src/stm32f10x_spi.o
 .debug_info    0x00000000000021bf      0x74c libraries/src/stm32f10x_gpio.o
 .debug_info    0x000000000000290b      0x911 libraries/src/stm32f10x_rcc.o
 .debug_info    0x000000000000321c      0x52a libraries/src/misc.o
 .debug_info    0x0000000000003746      0x46d hardware/SPI/spi.o
 .debug_info    0x0000000000003bb3      0x22c hardware/LED/led.o
 .debug_info    0x0000000000003ddf      0x4ff hardware/W25Q128/w25q128.o

.debug_abbrev   0x0000000000000000     0x13a7
 .debug_abbrev  0x0000000000000000       0x12 startup/startup_stm32f10x_hd.o
 .debug_abbrev  0x0000000000000012      0x1c1 cmsis/system_stm32f10x.o
 .debug_abbrev  0x00000000000001d3       0x80 user/stm32f10x_it.o
 .debug_abbrev  0x0000000000000253       0xf6 user/main.o
 .debug_abbrev  0x0000000000000349      0x114 system/delay/delay.o
 .debug_abbrev  0x000000000000045d      0x192 system/usart/usart.o
 .debug_abbrev  0x00000000000005ef      0x1b7 libraries/src/stm32f10x_usart.o
 .debug_abbrev  0x00000000000007a6      0x1d5 libraries/src/stm32f10x_spi.o
 .debug_abbrev  0x000000000000097b      0x20f libraries/src/stm32f10x_gpio.o
 .debug_abbrev  0x0000000000000b8a      0x1f9 libraries/src/stm32f10x_rcc.o
 .debug_abbrev  0x0000000000000d83      0x1a7 libraries/src/misc.o
 .debug_abbrev  0x0000000000000f2a      0x181 hardware/SPI/spi.o
 .debug_abbrev  0x00000000000010ab      0x120 hardware/LED/led.o
 .debug_abbrev  0x00000000000011cb      0x1dc hardware/W25Q128/w25q128.o

.debug_aranges  0x0000000000000000      0x1c8
 .debug_aranges
                0x0000000000000000       0x28 startup/startup_stm32f10x_hd.o
 .debug_aranges
                0x0000000000000028       0x20 cmsis/system_stm32f10x.o
 .debug_aranges
                0x0000000000000048       0x20 user/stm32f10x_it.o
 .debug_aranges
                0x0000000000000068       0x20 user/main.o
 .debug_aranges
                0x0000000000000088       0x20 system/delay/delay.o
 .debug_aranges
                0x00000000000000a8       0x20 system/usart/usart.o
 .debug_aranges
                0x00000000000000c8       0x20 libraries/src/stm32f10x_usart.o
 .debug_aranges
                0x00000000000000e8       0x20 libraries/src/stm32f10x_spi.o
 .debug_aranges
                0x0000000000000108       0x20 libraries/src/stm32f10x_gpio.o
 .debug_aranges
                0x0000000000000128       0x20 libraries/src/stm32f10x_rcc.o
 .debug_aranges
                0x0000000000000148       0x20 libraries/src/misc.o
 .debug_aranges
                0x0000000000000168       0x20 hardware/SPI/spi.o
 .debug_aranges
                0x0000000000000188       0x20 hardware/LED/led.o
 .debug_aranges
                0x00000000000001a8       0x20 hardware/W25Q128/w25q128.o

.debug_str      0x0000000000000000     0x1685
 .debug_str     0x0000000000000000       0x49 startup/startup_stm32f10x_hd.o
 .debug_str     0x0000000000000049      0x235 cmsis/system_stm32f10x.o
                                        0x2bd (size before relaxing)
 .debug_str     0x000000000000027e       0xa4 user/stm32f10x_it.o
                                        0x1f0 (size before relaxing)
 .debug_str     0x0000000000000322       0x2e user/main.o
                                        0x1a5 (size before relaxing)
 .debug_str     0x0000000000000350       0x62 system/delay/delay.o
                                        0x1d4 (size before relaxing)
 .debug_str     0x00000000000003b2      0x25e system/usart/usart.o
                                        0x3c3 (size before relaxing)
 .debug_str     0x0000000000000610      0x413 libraries/src/stm32f10x_usart.o
                                        0x685 (size before relaxing)
 .debug_str     0x0000000000000a23      0x372 libraries/src/stm32f10x_spi.o
                                        0x5f2 (size before relaxing)
 .debug_str     0x0000000000000d95      0x23c libraries/src/stm32f10x_gpio.o
                                        0x50e (size before relaxing)
 .debug_str     0x0000000000000fd1      0x357 libraries/src/stm32f10x_rcc.o
                                        0x60f (size before relaxing)
 .debug_str     0x0000000000001328      0x18a libraries/src/misc.o
                                        0x3ad (size before relaxing)
 .debug_str     0x00000000000014b2       0x56 hardware/SPI/spi.o
                                        0x418 (size before relaxing)
 .debug_str     0x0000000000001508       0x1c hardware/LED/led.o
                                        0x2bb (size before relaxing)
 .debug_str     0x0000000000001524      0x161 hardware/W25Q128/w25q128.o
                                        0x41f (size before relaxing)

.debug_ranges   0x0000000000000000       0x20
 .debug_ranges  0x0000000000000000       0x20 startup/startup_stm32f10x_hd.o

.comment        0x0000000000000000       0x76
 .comment       0x0000000000000000       0x76 cmsis/system_stm32f10x.o
                                         0x77 (size before relaxing)
 .comment       0x0000000000000076       0x77 user/stm32f10x_it.o
 .comment       0x0000000000000076       0x77 user/main.o
 .comment       0x0000000000000076       0x77 system/delay/delay.o
 .comment       0x0000000000000076       0x77 system/usart/usart.o
 .comment       0x0000000000000076       0x77 libraries/src/stm32f10x_usart.o
 .comment       0x0000000000000076       0x77 libraries/src/stm32f10x_spi.o
 .comment       0x0000000000000076       0x77 libraries/src/stm32f10x_gpio.o
 .comment       0x0000000000000076       0x77 libraries/src/stm32f10x_rcc.o
 .comment       0x0000000000000076       0x77 libraries/src/misc.o
 .comment       0x0000000000000076       0x77 hardware/SPI/spi.o
 .comment       0x0000000000000076       0x77 hardware/LED/led.o
 .comment       0x0000000000000076       0x77 hardware/W25Q128/w25q128.o

.debug_frame    0x0000000000000000     0x29dc
 .debug_frame   0x0000000000000000       0x98 cmsis/system_stm32f10x.o
 .debug_frame   0x0000000000000098      0x110 user/stm32f10x_it.o
 .debug_frame   0x00000000000001a8       0x30 user/main.o
 .debug_frame   0x00000000000001d8       0x7c system/delay/delay.o
 .debug_frame   0x0000000000000254       0x7c system/usart/usart.o
 .debug_frame   0x00000000000002d0      0x490 libraries/src/stm32f10x_usart.o
 .debug_frame   0x0000000000000760      0x3a0 libraries/src/stm32f10x_spi.o
 .debug_frame   0x0000000000000b00      0x2d0 libraries/src/stm32f10x_gpio.o
 .debug_frame   0x0000000000000dd0      0x4f4 libraries/src/stm32f10x_rcc.o
 .debug_frame   0x00000000000012c4       0xd8 libraries/src/misc.o
 .debug_frame   0x000000000000139c       0x7c hardware/SPI/spi.o
 .debug_frame   0x0000000000001418       0x34 hardware/LED/led.o
 .debug_frame   0x000000000000144c      0x1ac hardware/W25Q128/w25q128.o
 .debug_frame   0x00000000000015f8       0x2c /home/cpeng/gcc-arm-none-eabi/bin/../lib/gcc/arm-none-eabi/8.3.1/../../../../arm-none-eabi/lib/thumb/v7-m/nofp/libc.a(lib_a-init.o)
 .debug_frame   0x0000000000001624       0x38 /home/cpeng/gcc-arm-none-eabi/bin/../lib/gcc/arm-none-eabi/8.3.1/../../../../arm-none-eabi/lib/thumb/v7-m/nofp/libc.a(lib_a-memset.o)
 .debug_frame   0x000000000000165c       0x78 /home/cpeng/gcc-arm-none-eabi/bin/../lib/gcc/arm-none-eabi/8.3.1/../../../../arm-none-eabi/lib/thumb/v7-m/nofp/libc.a(lib_a-printf.o)
 .debug_frame   0x00000000000016d4       0x8c /home/cpeng/gcc-arm-none-eabi/bin/../lib/gcc/arm-none-eabi/8.3.1/../../../../arm-none-eabi/lib/thumb/v7-m/nofp/libc.a(lib_a-vfprintf.o)
 .debug_frame   0x0000000000001760       0x2c /home/cpeng/gcc-arm-none-eabi/bin/../lib/gcc/arm-none-eabi/8.3.1/../../../../arm-none-eabi/lib/thumb/v7-m/nofp/libc.a(lib_a-wsetup.o)
 .debug_frame   0x000000000000178c       0x5c /home/cpeng/gcc-arm-none-eabi/bin/../lib/gcc/arm-none-eabi/8.3.1/../../../../arm-none-eabi/lib/thumb/v7-m/nofp/libc.a(lib_a-__call_atexit.o)
 .debug_frame   0x00000000000017e8       0x20 /home/cpeng/gcc-arm-none-eabi/bin/../lib/gcc/arm-none-eabi/8.3.1/../../../../arm-none-eabi/lib/thumb/v7-m/nofp/libc.a(lib_a-atexit.o)
 .debug_frame   0x0000000000001808       0x8c /home/cpeng/gcc-arm-none-eabi/bin/../lib/gcc/arm-none-eabi/8.3.1/../../../../arm-none-eabi/lib/thumb/v7-m/nofp/libc.a(lib_a-dtoa.o)
 .debug_frame   0x0000000000001894       0x5c /home/cpeng/gcc-arm-none-eabi/bin/../lib/gcc/arm-none-eabi/8.3.1/../../../../arm-none-eabi/lib/thumb/v7-m/nofp/libc.a(lib_a-fflush.o)
 .debug_frame   0x00000000000018f0      0x150 /home/cpeng/gcc-arm-none-eabi/bin/../lib/gcc/arm-none-eabi/8.3.1/../../../../arm-none-eabi/lib/thumb/v7-m/nofp/libc.a(lib_a-findfp.o)
 .debug_frame   0x0000000000001a40       0x34 /home/cpeng/gcc-arm-none-eabi/bin/../lib/gcc/arm-none-eabi/8.3.1/../../../../arm-none-eabi/lib/thumb/v7-m/nofp/libc.a(lib_a-fini.o)
 .debug_frame   0x0000000000001a74       0x8c /home/cpeng/gcc-arm-none-eabi/bin/../lib/gcc/arm-none-eabi/8.3.1/../../../../arm-none-eabi/lib/thumb/v7-m/nofp/libc.a(lib_a-freer.o)
 .debug_frame   0x0000000000001b00       0x54 /home/cpeng/gcc-arm-none-eabi/bin/../lib/gcc/arm-none-eabi/8.3.1/../../../../arm-none-eabi/lib/thumb/v7-m/nofp/libc.a(lib_a-fwalk.o)
 .debug_frame   0x0000000000001b54       0x40 /home/cpeng/gcc-arm-none-eabi/bin/../lib/gcc/arm-none-eabi/8.3.1/../../../../arm-none-eabi/lib/thumb/v7-m/nofp/libc.a(lib_a-localeconv.o)
 .debug_frame   0x0000000000001b94       0xb0 /home/cpeng/gcc-arm-none-eabi/bin/../lib/gcc/arm-none-eabi/8.3.1/../../../../arm-none-eabi/lib/thumb/v7-m/nofp/libc.a(lib_a-lock.o)
 .debug_frame   0x0000000000001c44       0x64 /home/cpeng/gcc-arm-none-eabi/bin/../lib/gcc/arm-none-eabi/8.3.1/../../../../arm-none-eabi/lib/thumb/v7-m/nofp/libc.a(lib_a-makebuf.o)
 .debug_frame   0x0000000000001ca8       0x4c /home/cpeng/gcc-arm-none-eabi/bin/../lib/gcc/arm-none-eabi/8.3.1/../../../../arm-none-eabi/lib/thumb/v7-m/nofp/libc.a(lib_a-mallocr.o)
 .debug_frame   0x0000000000001cf4       0x34 /home/cpeng/gcc-arm-none-eabi/bin/../lib/gcc/arm-none-eabi/8.3.1/../../../../arm-none-eabi/lib/thumb/v7-m/nofp/libc.a(lib_a-memchr-stub.o)
 .debug_frame   0x0000000000001d28       0x30 /home/cpeng/gcc-arm-none-eabi/bin/../lib/gcc/arm-none-eabi/8.3.1/../../../../arm-none-eabi/lib/thumb/v7-m/nofp/libc.a(lib_a-mlock.o)
 .debug_frame   0x0000000000001d58      0x260 /home/cpeng/gcc-arm-none-eabi/bin/../lib/gcc/arm-none-eabi/8.3.1/../../../../arm-none-eabi/lib/thumb/v7-m/nofp/libc.a(lib_a-mprec.o)
 .debug_frame   0x0000000000001fb8       0x30 /home/cpeng/gcc-arm-none-eabi/bin/../lib/gcc/arm-none-eabi/8.3.1/../../../../arm-none-eabi/lib/thumb/v7-m/nofp/libc.a(lib_a-s_frexp.o)
 .debug_frame   0x0000000000001fe8       0x2c /home/cpeng/gcc-arm-none-eabi/bin/../lib/gcc/arm-none-eabi/8.3.1/../../../../arm-none-eabi/lib/thumb/v7-m/nofp/libc.a(lib_a-sbrkr.o)
 .debug_frame   0x0000000000002014       0x8c /home/cpeng/gcc-arm-none-eabi/bin/../lib/gcc/arm-none-eabi/8.3.1/../../../../arm-none-eabi/lib/thumb/v7-m/nofp/libc.a(lib_a-stdio.o)
 .debug_frame   0x00000000000020a0       0x20 /home/cpeng/gcc-arm-none-eabi/bin/../lib/gcc/arm-none-eabi/8.3.1/../../../../arm-none-eabi/lib/thumb/v7-m/nofp/libc.a(lib_a-strlen-stub.o)
 .debug_frame   0x00000000000020c0       0x38 /home/cpeng/gcc-arm-none-eabi/bin/../lib/gcc/arm-none-eabi/8.3.1/../../../../arm-none-eabi/lib/thumb/v7-m/nofp/libc.a(lib_a-strncpy.o)
 .debug_frame   0x00000000000020f8       0xd0 /home/cpeng/gcc-arm-none-eabi/bin/../lib/gcc/arm-none-eabi/8.3.1/../../../../arm-none-eabi/lib/thumb/v7-m/nofp/libc.a(lib_a-vfiprintf.o)
 .debug_frame   0x00000000000021c8       0x30 /home/cpeng/gcc-arm-none-eabi/bin/../lib/gcc/arm-none-eabi/8.3.1/../../../../arm-none-eabi/lib/thumb/v7-m/nofp/libc.a(lib_a-writer.o)
 .debug_frame   0x00000000000021f8       0x30 /home/cpeng/gcc-arm-none-eabi/bin/../lib/gcc/arm-none-eabi/8.3.1/../../../../arm-none-eabi/lib/thumb/v7-m/nofp/libc.a(lib_a-__atexit.o)
 .debug_frame   0x0000000000002228       0x28 /home/cpeng/gcc-arm-none-eabi/bin/../lib/gcc/arm-none-eabi/8.3.1/../../../../arm-none-eabi/lib/thumb/v7-m/nofp/libc.a(lib_a-callocr.o)
 .debug_frame   0x0000000000002250       0x2c /home/cpeng/gcc-arm-none-eabi/bin/../lib/gcc/arm-none-eabi/8.3.1/../../../../arm-none-eabi/lib/thumb/v7-m/nofp/libc.a(lib_a-closer.o)
 .debug_frame   0x000000000000227c       0x3c /home/cpeng/gcc-arm-none-eabi/bin/../lib/gcc/arm-none-eabi/8.3.1/../../../../arm-none-eabi/lib/thumb/v7-m/nofp/libc.a(lib_a-fclose.o)
 .debug_frame   0x00000000000022b8       0x9c /home/cpeng/gcc-arm-none-eabi/bin/../lib/gcc/arm-none-eabi/8.3.1/../../../../arm-none-eabi/lib/thumb/v7-m/nofp/libc.a(lib_a-fputwc.o)
 .debug_frame   0x0000000000002354       0x2c /home/cpeng/gcc-arm-none-eabi/bin/../lib/gcc/arm-none-eabi/8.3.1/../../../../arm-none-eabi/lib/thumb/v7-m/nofp/libc.a(lib_a-fstatr.o)
 .debug_frame   0x0000000000002380       0x64 /home/cpeng/gcc-arm-none-eabi/bin/../lib/gcc/arm-none-eabi/8.3.1/../../../../arm-none-eabi/lib/thumb/v7-m/nofp/libc.a(lib_a-fvwrite.o)
 .debug_frame   0x00000000000023e4       0x2c /home/cpeng/gcc-arm-none-eabi/bin/../lib/gcc/arm-none-eabi/8.3.1/../../../../arm-none-eabi/lib/thumb/v7-m/nofp/libc.a(lib_a-isattyr.o)
 .debug_frame   0x0000000000002410       0x54 /home/cpeng/gcc-arm-none-eabi/bin/../lib/gcc/arm-none-eabi/8.3.1/../../../../arm-none-eabi/lib/thumb/v7-m/nofp/libc.a(lib_a-locale.o)
 .debug_frame   0x0000000000002464       0x30 /home/cpeng/gcc-arm-none-eabi/bin/../lib/gcc/arm-none-eabi/8.3.1/../../../../arm-none-eabi/lib/thumb/v7-m/nofp/libc.a(lib_a-lseekr.o)
 .debug_frame   0x0000000000002494       0x4c /home/cpeng/gcc-arm-none-eabi/bin/../lib/gcc/arm-none-eabi/8.3.1/../../../../arm-none-eabi/lib/thumb/v7-m/nofp/libc.a(lib_a-mbtowc_r.o)
 .debug_frame   0x00000000000024e0       0x40 /home/cpeng/gcc-arm-none-eabi/bin/../lib/gcc/arm-none-eabi/8.3.1/../../../../arm-none-eabi/lib/thumb/v7-m/nofp/libc.a(lib_a-memmove.o)
 .debug_frame   0x0000000000002520       0x30 /home/cpeng/gcc-arm-none-eabi/bin/../lib/gcc/arm-none-eabi/8.3.1/../../../../arm-none-eabi/lib/thumb/v7-m/nofp/libc.a(lib_a-readr.o)
 .debug_frame   0x0000000000002550       0x48 /home/cpeng/gcc-arm-none-eabi/bin/../lib/gcc/arm-none-eabi/8.3.1/../../../../arm-none-eabi/lib/thumb/v7-m/nofp/libc.a(lib_a-reallocr.o)
 .debug_frame   0x0000000000002598       0x60 /home/cpeng/gcc-arm-none-eabi/bin/../lib/gcc/arm-none-eabi/8.3.1/../../../../arm-none-eabi/lib/thumb/v7-m/nofp/libc.a(lib_a-reent.o)
 .debug_frame   0x00000000000025f8       0x40 /home/cpeng/gcc-arm-none-eabi/bin/../lib/gcc/arm-none-eabi/8.3.1/../../../../arm-none-eabi/lib/thumb/v7-m/nofp/libc.a(lib_a-wbuf.o)
 .debug_frame   0x0000000000002638       0x64 /home/cpeng/gcc-arm-none-eabi/bin/../lib/gcc/arm-none-eabi/8.3.1/../../../../arm-none-eabi/lib/thumb/v7-m/nofp/libc.a(lib_a-wcrtomb.o)
 .debug_frame   0x000000000000269c       0x3c /home/cpeng/gcc-arm-none-eabi/bin/../lib/gcc/arm-none-eabi/8.3.1/../../../../arm-none-eabi/lib/thumb/v7-m/nofp/libc.a(lib_a-wctomb_r.o)
 .debug_frame   0x00000000000026d8       0xac /home/cpeng/gcc-arm-none-eabi/bin/../lib/gcc/arm-none-eabi/8.3.1/thumb/v7-m/nofp/libgcc.a(_arm_addsubdf3.o)
 .debug_frame   0x0000000000002784       0x50 /home/cpeng/gcc-arm-none-eabi/bin/../lib/gcc/arm-none-eabi/8.3.1/thumb/v7-m/nofp/libgcc.a(_arm_muldivdf3.o)
 .debug_frame   0x00000000000027d4       0xc4 /home/cpeng/gcc-arm-none-eabi/bin/../lib/gcc/arm-none-eabi/8.3.1/thumb/v7-m/nofp/libgcc.a(_arm_cmpdf2.o)
 .debug_frame   0x0000000000002898       0x20 /home/cpeng/gcc-arm-none-eabi/bin/../lib/gcc/arm-none-eabi/8.3.1/thumb/v7-m/nofp/libgcc.a(_arm_unorddf2.o)
 .debug_frame   0x00000000000028b8       0x24 /home/cpeng/gcc-arm-none-eabi/bin/../lib/gcc/arm-none-eabi/8.3.1/thumb/v7-m/nofp/libgcc.a(_arm_fixdfsi.o)
 .debug_frame   0x00000000000028dc       0x2c /home/cpeng/gcc-arm-none-eabi/bin/../lib/gcc/arm-none-eabi/8.3.1/thumb/v7-m/nofp/libgcc.a(_aeabi_uldivmod.o)
 .debug_frame   0x0000000000002908       0x34 /home/cpeng/gcc-arm-none-eabi/bin/../lib/gcc/arm-none-eabi/8.3.1/thumb/v7-m/nofp/libgcc.a(_udivmoddi4.o)
 .debug_frame   0x000000000000293c       0x20 /home/cpeng/gcc-arm-none-eabi/bin/../lib/gcc/arm-none-eabi/8.3.1/../../../../arm-none-eabi/lib/thumb/v7-m/nofp/libnosys.a(close.o)
 .debug_frame   0x000000000000295c       0x20 /home/cpeng/gcc-arm-none-eabi/bin/../lib/gcc/arm-none-eabi/8.3.1/../../../../arm-none-eabi/lib/thumb/v7-m/nofp/libnosys.a(fstat.o)
 .debug_frame   0x000000000000297c       0x20 /home/cpeng/gcc-arm-none-eabi/bin/../lib/gcc/arm-none-eabi/8.3.1/../../../../arm-none-eabi/lib/thumb/v7-m/nofp/libnosys.a(isatty.o)
 .debug_frame   0x000000000000299c       0x20 /home/cpeng/gcc-arm-none-eabi/bin/../lib/gcc/arm-none-eabi/8.3.1/../../../../arm-none-eabi/lib/thumb/v7-m/nofp/libnosys.a(lseek.o)
 .debug_frame   0x00000000000029bc       0x20 /home/cpeng/gcc-arm-none-eabi/bin/../lib/gcc/arm-none-eabi/8.3.1/../../../../arm-none-eabi/lib/thumb/v7-m/nofp/libnosys.a(sbrk.o)

.stab           0x0000000000000000       0x6c
 .stab          0x0000000000000000       0x24 /home/cpeng/gcc-arm-none-eabi/bin/../lib/gcc/arm-none-eabi/8.3.1/../../../../arm-none-eabi/lib/thumb/v7-m/nofp/libnosys.a(close.o)
 .stab          0x0000000000000024       0x18 /home/cpeng/gcc-arm-none-eabi/bin/../lib/gcc/arm-none-eabi/8.3.1/../../../../arm-none-eabi/lib/thumb/v7-m/nofp/libnosys.a(fstat.o)
                                         0x24 (size before relaxing)
 .stab          0x000000000000003c       0x18 /home/cpeng/gcc-arm-none-eabi/bin/../lib/gcc/arm-none-eabi/8.3.1/../../../../arm-none-eabi/lib/thumb/v7-m/nofp/libnosys.a(isatty.o)
                                         0x24 (size before relaxing)
 .stab          0x0000000000000054       0x18 /home/cpeng/gcc-arm-none-eabi/bin/../lib/gcc/arm-none-eabi/8.3.1/../../../../arm-none-eabi/lib/thumb/v7-m/nofp/libnosys.a(lseek.o)
                                         0x24 (size before relaxing)

.stabstr        0x0000000000000000       0xe3
 .stabstr       0x0000000000000000       0xe3 /home/cpeng/gcc-arm-none-eabi/bin/../lib/gcc/arm-none-eabi/8.3.1/../../../../arm-none-eabi/lib/thumb/v7-m/nofp/libnosys.a(close.o)

Cross Reference Table

Symbol                                            File
ADC1_2_IRQHandler                                 startup/startup_stm32f10x_hd.o
ADC3_IRQHandler                                   startup/startup_stm32f10x_hd.o
AHBPrescTable                                     cmsis/system_stm32f10x.o
BusFault_Handler                                  user/stm32f10x_it.o
                                                  startup/startup_stm32f10x_hd.o
CAN1_RX1_IRQHandler                               startup/startup_stm32f10x_hd.o
CAN1_SCE_IRQHandler                               startup/startup_stm32f10x_hd.o
DMA1_Channel1_IRQHandler                          startup/startup_stm32f10x_hd.o
DMA1_Channel2_IRQHandler                          startup/startup_stm32f10x_hd.o
DMA1_Channel3_IRQHandler                          startup/startup_stm32f10x_hd.o
DMA1_Channel4_IRQHandler                          startup/startup_stm32f10x_hd.o
DMA1_Channel5_IRQHandler                          startup/startup_stm32f10x_hd.o
DMA1_Channel6_IRQHandler                          startup/startup_stm32f10x_hd.o
DMA1_Channel7_IRQHandler                          startup/startup_stm32f10x_hd.o
DMA2_Channel1_IRQHandler                          startup/startup_stm32f10x_hd.o
DMA2_Channel2_IRQHandler                          startup/startup_stm32f10x_hd.o
DMA2_Channel3_IRQHandler                          startup/startup_stm32f10x_hd.o
DMA2_Channel4_5_IRQHandler                        startup/startup_stm32f10x_hd.o
DebugMon_Handler                                  user/stm32f10x_it.o
                                                  startup/startup_stm32f10x_hd.o
Default_Handler                                   startup/startup_stm32f10x_hd.o
EXTI0_IRQHandler                                  startup/startup_stm32f10x_hd.o
EXTI15_10_IRQHandler                              startup/startup_stm32f10x_hd.o
EXTI1_IRQHandler                                  startup/startup_stm32f10x_hd.o
EXTI2_IRQHandler                                  startup/startup_stm32f10x_hd.o
EXTI3_IRQHandler                                  startup/startup_stm32f10x_hd.o
EXTI4_IRQHandler                                  startup/startup_stm32f10x_hd.o
EXTI9_5_IRQHandler                                startup/startup_stm32f10x_hd.o
FLASH_IRQHandler                                  startup/startup_stm32f10x_hd.o
FSMC_IRQHandler                                   startup/startup_stm32f10x_hd.o
GPIO_AFIODeInit                                   libraries/src/stm32f10x_gpio.o
GPIO_DeInit                                       libraries/src/stm32f10x_gpio.o
GPIO_ETH_MediaInterfaceConfig                     libraries/src/stm32f10x_gpio.o
GPIO_EXTILineConfig                               libraries/src/stm32f10x_gpio.o
GPIO_EventOutputCmd                               libraries/src/stm32f10x_gpio.o
GPIO_EventOutputConfig                            libraries/src/stm32f10x_gpio.o
GPIO_Init                                         libraries/src/stm32f10x_gpio.o
                                                  hardware/KEY/key.o
                                                  hardware/W25Q128/w25q128.o
                                                  hardware/LED/led.o
                                                  hardware/SPI/spi.o
                                                  system/usart/usart.o
GPIO_PinLockConfig                                libraries/src/stm32f10x_gpio.o
GPIO_PinRemapConfig                               libraries/src/stm32f10x_gpio.o
GPIO_ReadInputData                                libraries/src/stm32f10x_gpio.o
GPIO_ReadInputDataBit                             libraries/src/stm32f10x_gpio.o
                                                  hardware/KEY/key.o
GPIO_ReadOutputData                               libraries/src/stm32f10x_gpio.o
GPIO_ReadOutputDataBit                            libraries/src/stm32f10x_gpio.o
GPIO_ResetBits                                    libraries/src/stm32f10x_gpio.o
GPIO_SetBits                                      libraries/src/stm32f10x_gpio.o
                                                  hardware/W25Q128/w25q128.o
                                                  hardware/LED/led.o
                                                  hardware/SPI/spi.o
GPIO_StructInit                                   libraries/src/stm32f10x_gpio.o
GPIO_Write                                        libraries/src/stm32f10x_gpio.o
GPIO_WriteBit                                     libraries/src/stm32f10x_gpio.o
HardFault_Handler                                 user/stm32f10x_it.o
                                                  startup/startup_stm32f10x_hd.o
I2C1_ER_IRQHandler                                startup/startup_stm32f10x_hd.o
I2C1_EV_IRQHandler                                startup/startup_stm32f10x_hd.o
I2C2_ER_IRQHandler                                startup/startup_stm32f10x_hd.o
I2C2_EV_IRQHandler                                startup/startup_stm32f10x_hd.o
I2S_Cmd                                           libraries/src/stm32f10x_spi.o
I2S_Init                                          libraries/src/stm32f10x_spi.o
I2S_StructInit                                    libraries/src/stm32f10x_spi.o
INTX_DISABLE                                      system/sys/sys.o
INTX_ENABLE                                       system/sys/sys.o
KEY_Init                                          hardware/KEY/key.o
KEY_Scan                                          hardware/KEY/key.o
LED_Init                                          hardware/LED/led.o
                                                  user/main.o
MSR_MSP                                           system/sys/sys.o
MemManage_Handler                                 user/stm32f10x_it.o
                                                  startup/startup_stm32f10x_hd.o
NMI_Handler                                       user/stm32f10x_it.o
                                                  startup/startup_stm32f10x_hd.o
NVIC_Init                                         libraries/src/misc.o
NVIC_PriorityGroupConfig                          libraries/src/misc.o
NVIC_SetVectorTable                               libraries/src/misc.o
NVIC_SystemLPConfig                               libraries/src/misc.o
PVD_IRQHandler                                    startup/startup_stm32f10x_hd.o
PendSV_Handler                                    user/stm32f10x_it.o
                                                  startup/startup_stm32f10x_hd.o
RCC_ADCCLKConfig                                  libraries/src/stm32f10x_rcc.o
RCC_AHBPeriphClockCmd                             libraries/src/stm32f10x_rcc.o